<html>
<body>
<pre>
<h1>µVision Build Log</h1>
<h2>Tool Versions:</h2>
IDE-Version: ¶ÃVision V5.14.0.0
Copyright (C) 2015 ARM Ltd and ARM Germany GmbH. All rights reserved.
License Information: Cygnusx VIII, X, LIC=W96CK-ZVLUF-D3MM3-A4SQ2-RQ76X-2M0U0
 
Tool Versions:
Toolchain:       MDK-ARM Professional  Version: 5.14.0.0
Toolchain Path:  E:\MDK_KAIL\CORE\ARM\ARMCC\Bin
C Compiler:      Armcc.exe V5.05 update 1 (build 106)
Assembler:       Armasm.exe V5.05 update 1 (build 106)
Linker/Locator:  ArmLink.exe V5.05 update 1 (build 106)
Library Manager: ArmAr.exe V5.05 update 1 (build 106)
Hex Converter:   FromElf.exe V5.05 update 1 (build 106)
CPU DLL:         SARMCM3.DLL V5.14.0.0
Dialog DLL:      DCM.DLL V1.13.1.0
Target DLL:      Segger\JL2CM3.dll V2.99.13.0
Dialog DLL:      TCM.DLL V1.14.4.0
 
<h2>Project:</h2>
F:\School_STM32F407VET6\ESC_Controler\GRAFT_COM\MDK-ARM\GRAFT_COM.uvprojx
Project File Date:  10/25/2023

<h2>Output:</h2>
Build target 'GRAFT_COM'
compiling nrf24l01.c...
./1HARDWARE/MOTOR/ESC.h(40): warning:  #1295-D: Deprecated declaration MOTOR_TEXT - give arg types
  void MOTOR_TEXT();
./1ANTOTC/ANTOTC.h(7): warning:  #1000-D: a storage class may not be specified here
  extern enum ANTO_SEND{                        //ÂåøÂêç‰∏ä‰ΩçÊú∫ÂçèËÆ?  ^
1HARDWARE\NRF24L01\nrf24l01.c(157): warning:  #1-D: last line of file ends without a newline
  }
linking...
Program Size: Code=19064 RO-data=472 RW-data=256 ZI-data=2456  
FromELF: creating hex file...
"GRAFT_COM\GRAFT_COM.axf" - 0 Error(s), 3 Warning(s).

<h2>Software Packages used:</h2>

Package Vendor: ARM
                http://www.keil.com/pack/ARM.CMSIS.4.2.0.pack
                ARM::CMSIS:CORE:3.40.0
                CMSIS (Cortex Microcontroller Software Interface Standard)
   * Component: CORE Version: 3.40.0

<h2>Collection of Component include folders:</h2>
  F:\School_STM32F407VET6\ESC_Controler\GRAFT_COM\MDK-ARM\RTE
  E:\MDK_KAIL\PATH\ARM\CMSIS\4.2.0\CMSIS\Include
  E:\MDK_KAIL\PATH\Keil\STM32F4xx_DFP\2.17.0

<h2>Collection of Component Files used:</h2>

   * Component: ARM::CMSIS:CORE:3.40.0
      Source file:   CMSIS\UserCodeTemplates\ARM\ITM_Retarget.c
</pre>
</body>
</html>
