Component: ARM Compiler 5.05 update 1 (build 106) Tool: armlink [4d0efa]

==============================================================================

Section Cross References

    startup_stm32f407xx.o(RESET) refers to startup_stm32f407xx.o(STACK) for __initial_sp
    startup_stm32f407xx.o(RESET) refers to startup_stm32f407xx.o(.text) for Reset_Handler
    startup_stm32f407xx.o(RESET) refers to stm32f4xx_it.o(i.NMI_Handler) for NMI_Handler
    startup_stm32f407xx.o(RESET) refers to stm32f4xx_it.o(i.HardFault_Handler) for HardFault_Handler
    startup_stm32f407xx.o(RESET) refers to stm32f4xx_it.o(i.MemManage_Handler) for MemManage_Handler
    startup_stm32f407xx.o(RESET) refers to stm32f4xx_it.o(i.BusFault_Handler) for BusFault_Handler
    startup_stm32f407xx.o(RESET) refers to stm32f4xx_it.o(i.UsageFault_Handler) for UsageFault_Handler
    startup_stm32f407xx.o(RESET) refers to stm32f4xx_it.o(i.SVC_Handler) for SVC_Handler
    startup_stm32f407xx.o(RESET) refers to stm32f4xx_it.o(i.DebugMon_Handler) for DebugMon_Handler
    startup_stm32f407xx.o(RESET) refers to stm32f4xx_it.o(i.PendSV_Handler) for PendSV_Handler
    startup_stm32f407xx.o(RESET) refers to stm32f4xx_it.o(i.SysTick_Handler) for SysTick_Handler
    startup_stm32f407xx.o(RESET) refers to stm32f4xx_it.o(i.TIM3_IRQHandler) for TIM3_IRQHandler
    startup_stm32f407xx.o(RESET) refers to stm32f4xx_it.o(i.DMA2_Stream7_IRQHandler) for DMA2_Stream7_IRQHandler
    startup_stm32f407xx.o(.text) refers to system_stm32f4xx.o(i.SystemInit) for SystemInit
    startup_stm32f407xx.o(.text) refers to entry.o(.ARM.Collect$$$$00000000) for __main
    main.o(i.SystemClock_Config) refers to memseta.o(.text) for __aeabi_memclr4
    main.o(i.SystemClock_Config) refers to stm32f4xx_hal_rcc.o(i.HAL_RCC_OscConfig) for HAL_RCC_OscConfig
    main.o(i.SystemClock_Config) refers to stm32f4xx_hal_rcc.o(i.HAL_RCC_ClockConfig) for HAL_RCC_ClockConfig
    main.o(i.main) refers to stm32f4xx_hal.o(i.HAL_Init) for HAL_Init
    main.o(i.main) refers to main.o(i.SystemClock_Config) for SystemClock_Config
    main.o(i.main) refers to gpio.o(i.MX_GPIO_Init) for MX_GPIO_Init
    main.o(i.main) refers to dma.o(i.MX_DMA_Init) for MX_DMA_Init
    main.o(i.main) refers to spi.o(i.MX_SPI1_Init) for MX_SPI1_Init
    main.o(i.main) refers to usart.o(i.MX_USART1_UART_Init) for MX_USART1_UART_Init
    main.o(i.main) refers to spi.o(i.MX_SPI2_Init) for MX_SPI2_Init
    main.o(i.main) refers to tim.o(i.MX_TIM2_Init) for MX_TIM2_Init
    main.o(i.main) refers to tim.o(i.MX_TIM3_Init) for MX_TIM3_Init
    main.o(i.main) refers to param&init.o(i.ALL_Init) for ALL_Init
    main.o(i.main) refers to antotc.o(i.example_anto_send) for example_anto_send
    main.o(i.main) refers to stdin.o(.data) for __stdin
    main.o(i.main) refers to stdout.o(.data) for __stdout
    gpio.o(i.MX_GPIO_Init) refers to memseta.o(.text) for __aeabi_memclr4
    gpio.o(i.MX_GPIO_Init) refers to stm32f4xx_hal_gpio.o(i.HAL_GPIO_WritePin) for HAL_GPIO_WritePin
    gpio.o(i.MX_GPIO_Init) refers to stm32f4xx_hal_gpio.o(i.HAL_GPIO_Init) for HAL_GPIO_Init
    dma.o(i.MX_DMA_Init) refers to stm32f4xx_hal_cortex.o(i.HAL_NVIC_SetPriority) for HAL_NVIC_SetPriority
    dma.o(i.MX_DMA_Init) refers to stm32f4xx_hal_cortex.o(i.HAL_NVIC_EnableIRQ) for HAL_NVIC_EnableIRQ
    spi.o(i.HAL_SPI_MspDeInit) refers to stm32f4xx_hal_gpio.o(i.HAL_GPIO_DeInit) for HAL_GPIO_DeInit
    spi.o(i.HAL_SPI_MspInit) refers to memseta.o(.text) for __aeabi_memclr4
    spi.o(i.HAL_SPI_MspInit) refers to stm32f4xx_hal_gpio.o(i.HAL_GPIO_Init) for HAL_GPIO_Init
    spi.o(i.MX_SPI1_Init) refers to stm32f4xx_hal_spi.o(i.HAL_SPI_Init) for HAL_SPI_Init
    spi.o(i.MX_SPI1_Init) refers to main.o(i.Error_Handler) for Error_Handler
    spi.o(i.MX_SPI1_Init) refers to spi.o(.bss) for .bss
    spi.o(i.MX_SPI2_Init) refers to stm32f4xx_hal_spi.o(i.HAL_SPI_Init) for HAL_SPI_Init
    spi.o(i.MX_SPI2_Init) refers to main.o(i.Error_Handler) for Error_Handler
    spi.o(i.MX_SPI2_Init) refers to spi.o(.bss) for .bss
    tim.o(i.HAL_TIM_Base_MspDeInit) refers to stm32f4xx_hal_cortex.o(i.HAL_NVIC_DisableIRQ) for HAL_NVIC_DisableIRQ
    tim.o(i.HAL_TIM_Base_MspInit) refers to stm32f4xx_hal_cortex.o(i.HAL_NVIC_SetPriority) for HAL_NVIC_SetPriority
    tim.o(i.HAL_TIM_Base_MspInit) refers to stm32f4xx_hal_cortex.o(i.HAL_NVIC_EnableIRQ) for HAL_NVIC_EnableIRQ
    tim.o(i.HAL_TIM_MspPostInit) refers to memseta.o(.text) for __aeabi_memclr4
    tim.o(i.HAL_TIM_MspPostInit) refers to stm32f4xx_hal_gpio.o(i.HAL_GPIO_Init) for HAL_GPIO_Init
    tim.o(i.MX_TIM2_Init) refers to memseta.o(.text) for __aeabi_memclr4
    tim.o(i.MX_TIM2_Init) refers to stm32f4xx_hal_tim.o(i.HAL_TIM_Base_Init) for HAL_TIM_Base_Init
    tim.o(i.MX_TIM2_Init) refers to main.o(i.Error_Handler) for Error_Handler
    tim.o(i.MX_TIM2_Init) refers to stm32f4xx_hal_tim.o(i.HAL_TIM_ConfigClockSource) for HAL_TIM_ConfigClockSource
[...]
    ../clib/microlib/stubs.s                 0x00000000   Number         0  iusefp.o ABSOLUTE
    ../fplib/microlib/d2f.c                  0x00000000   Number         0  d2f.o ABSOLUTE
    ../fplib/microlib/f2d.c                  0x00000000   Number         0  f2d.o ABSOLUTE
    ../fplib/microlib/fpadd.c                0x00000000   Number         0  dadd.o ABSOLUTE
    ../fplib/microlib/fpdiv.c                0x00000000   Number         0  ddiv.o ABSOLUTE
    ../fplib/microlib/fpepilogue.c           0x00000000   Number         0  fepilogue.o ABSOLUTE
    ../fplib/microlib/fpepilogue.c           0x00000000   Number         0  depilogue.o ABSOLUTE
    ../fplib/microlib/fpfix.c                0x00000000   Number         0  dfixi.o ABSOLUTE
    ../fplib/microlib/fpfix.c                0x00000000   Number         0  dfixul.o ABSOLUTE
    ../fplib/microlib/fpmul.c                0x00000000   Number         0  dmul.o ABSOLUTE
    ..\Core\Src\dma.c                        0x00000000   Number         0  dma.o ABSOLUTE
    ..\Core\Src\gpio.c                       0x00000000   Number         0  gpio.o ABSOLUTE
    ..\Core\Src\main.c                       0x00000000   Number         0  main.o ABSOLUTE
    ..\Core\Src\spi.c                        0x00000000   Number         0  spi.o ABSOLUTE
    ..\Core\Src\stm32f4xx_hal_msp.c          0x00000000   Number         0  stm32f4xx_hal_msp.o ABSOLUTE
    ..\Core\Src\stm32f4xx_it.c               0x00000000   Number         0  stm32f4xx_it.o ABSOLUTE
    ..\Core\Src\system_stm32f4xx.c           0x00000000   Number         0  system_stm32f4xx.o ABSOLUTE
    ..\Core\Src\tim.c                        0x00000000   Number         0  tim.o ABSOLUTE
    ..\Core\Src\usart.c                      0x00000000   Number         0  usart.o ABSOLUTE
    ..\Drivers\STM32F4xx_HAL_Driver\Src\stm32f4xx_hal.c 0x00000000   Number         0  stm32f4xx_hal.o ABSOLUTE
    ..\Drivers\STM32F4xx_HAL_Driver\Src\stm32f4xx_hal_cortex.c 0x00000000   Number         0  stm32f4xx_hal_cortex.o ABSOLUTE
    ..\Drivers\STM32F4xx_HAL_Driver\Src\stm32f4xx_hal_dma.c 0x00000000   Number         0  stm32f4xx_hal_dma.o ABSOLUTE
    ..\Drivers\STM32F4xx_HAL_Driver\Src\stm32f4xx_hal_dma_ex.c 0x00000000   Number         0  stm32f4xx_hal_dma_ex.o ABSOLUTE
    ..\Drivers\STM32F4xx_HAL_Driver\Src\stm32f4xx_hal_exti.c 0x00000000   Number         0  stm32f4xx_hal_exti.o ABSOLUTE
    ..\Drivers\STM32F4xx_HAL_Driver\Src\stm32f4xx_hal_flash.c 0x00000000   Number         0  stm32f4xx_hal_flash.o ABSOLUTE
    ..\Drivers\STM32F4xx_HAL_Driver\Src\stm32f4xx_hal_flash_ex.c 0x00000000   Number         0  stm32f4xx_hal_flash_ex.o ABSOLUTE
    ..\Drivers\STM32F4xx_HAL_Driver\Src\stm32f4xx_hal_flash_ramfunc.c 0x00000000   Number         0  stm32f4xx_hal_flash_ramfunc.o ABSOLUTE
    ..\Drivers\STM32F4xx_HAL_Driver\Src\stm32f4xx_hal_gpio.c 0x00000000   Number         0  stm32f4xx_hal_gpio.o ABSOLUTE
    ..\Drivers\STM32F4xx_HAL_Driver\Src\stm32f4xx_hal_pwr.c 0x00000000   Number         0  stm32f4xx_hal_pwr.o ABSOLUTE
    ..\Drivers\STM32F4xx_HAL_Driver\Src\stm32f4xx_hal_pwr_ex.c 0x00000000   Number         0  stm32f4xx_hal_pwr_ex.o ABSOLUTE
    ..\Drivers\STM32F4xx_HAL_Driver\Src\stm32f4xx_hal_rcc.c 0x00000000   Number         0  stm32f4xx_hal_rcc.o ABSOLUTE
    ..\Drivers\STM32F4xx_HAL_Driver\Src\stm32f4xx_hal_rcc_ex.c 0x00000000   Number         0  stm32f4xx_hal_rcc_ex.o ABSOLUTE
    ..\Drivers\STM32F4xx_HAL_Driver\Src\stm32f4xx_hal_spi.c 0x00000000   Number         0  stm32f4xx_hal_spi.o ABSOLUTE
    ..\Drivers\STM32F4xx_HAL_Driver\Src\stm32f4xx_hal_tim.c 0x00000000   Number         0  stm32f4xx_hal_tim.o ABSOLUTE
    ..\Drivers\STM32F4xx_HAL_Driver\Src\stm32f4xx_hal_tim_ex.c 0x00000000   Number         0  stm32f4xx_hal_tim_ex.o ABSOLUTE
    ..\Drivers\STM32F4xx_HAL_Driver\Src\stm32f4xx_hal_uart.c 0x00000000   Number         0  stm32f4xx_hal_uart.o ABSOLUTE
    1ANTOTC\ANTOTC.c                         0x00000000   Number         0  antotc.o ABSOLUTE
    1ANTOTC\\ANTOTC.c                        0x00000000   Number         0  antotc.o ABSOLUTE
    1Control\\control.c                      0x00000000   Number         0  control.o ABSOLUTE
    1Control\control.c                       0x00000000   Number         0  control.o ABSOLUTE
    1HARDWARE\BMI088\BMI088.c                0x00000000   Number         0  bmi088.o ABSOLUTE
    1HARDWARE\BMI088\BMI08A.c                0x00000000   Number         0  bmi08a.o ABSOLUTE
    1HARDWARE\BMI088\BMI08G.c                0x00000000   Number         0  bmi08g.o ABSOLUTE
    1HARDWARE\BMI088\Param&init.c            0x00000000   Number         0  param&init.o ABSOLUTE
    1HARDWARE\MOTOR\ESC.c                    0x00000000   Number         0  esc.o ABSOLUTE
    1HARDWARE\NRF24L01\nrf24l01.c            0x00000000   Number         0  nrf24l01.o ABSOLUTE
    1HARDWARE\\BMI088\\BMI088.c              0x00000000   Number         0  bmi088.o ABSOLUTE
    1HARDWARE\\BMI088\\BMI08A.c              0x00000000   Number         0  bmi08a.o ABSOLUTE
    1HARDWARE\\BMI088\\BMI08G.c              0x00000000   Number         0  bmi08g.o ABSOLUTE
    1HARDWARE\\BMI088\\Param&init.c          0x00000000   Number         0  param&init.o ABSOLUTE
    1HARDWARE\\MOTOR\\ESC.c                  0x00000000   Number         0  esc.o ABSOLUTE
    1HARDWARE\\NRF24L01\\nrf24l01.c          0x00000000   Number         0  nrf24l01.o ABSOLUTE
    1MATH\Fliter\filter.c                    0x00000000   Number         0  filter.o ABSOLUTE
    1MATH\Fliter\kalman.c                    0x00000000   Number         0  kalman.o ABSOLUTE
    1MATH\Math\myMath.c                      0x00000000   Number         0  mymath.o ABSOLUTE
    1MATH\PID\pid.c                          0x00000000   Number         0  pid.o ABSOLUTE
    1MATH\Quaternion\imu.c                   0x00000000   Number         0  imu.o ABSOLUTE
    1MATH\\Fliter\\filter.c                  0x00000000   Number         0  filter.o ABSOLUTE
    1MATH\\Fliter\\kalman.c                  0x00000000   Number         0  kalman.o ABSOLUTE
    1MATH\\Math\\myMath.c                    0x00000000   Number         0  mymath.o ABSOLUTE
    1MATH\\PID\\pid.c                        0x00000000   Number         0  pid.o ABSOLUTE
    1MATH\\Quaternion\\imu.c                 0x00000000   Number         0  imu.o ABSOLUTE
    1Param&init\Flash\flash.c                0x00000000   Number         0  flash.o ABSOLUTE
    cdcmple.s                                0x00000000   Number         0  cdcmple.o ABSOLUTE
    cdrcmple.s                               0x00000000   Number         0  cdrcmple.o ABSOLUTE
    dc.s                                     0x00000000   Number         0  dc.o ABSOLUTE
    handlers.s                               0x00000000   Number         0  handlers.o ABSOLUTE
    init.s                                   0x00000000   Number         0  init.o ABSOLUTE
    startup_stm32f407xx.s                    0x00000000   Number         0  startup_stm32f407xx.o ABSOLUTE
    RESET                                    0x08000000   Section      392  startup_stm32f407xx.o(RESET)
    .ARM.Collect$$$$00000000                 0x08000188   Section        0  entry.o(.ARM.Collect$$$$00000000)
    .ARM.Collect$$$$00000001                 0x08000188   Section        4  entry2.o(.ARM.Collect$$$$00000001)
    .ARM.Collect$$$$00000004                 0x0800018c   Section        4  entry5.o(.ARM.Collect$$$$00000004)
    .ARM.Collect$$$$00000008                 0x08000190   Section        0  entry7b.o(.ARM.Collect$$$$00000008)
    .ARM.Collect$$$$0000000A                 0x08000190   Section        0  entry8b.o(.ARM.Collect$$$$0000000A)
    .ARM.Collect$$$$0000000B                 0x08000190   Section        8  entry9a.o(.ARM.Collect$$$$0000000B)
    .ARM.Collect$$$$0000000D                 0x08000198   Section        0  entry10a.o(.ARM.Collect$$$$0000000D)
    .ARM.Collect$$$$0000000F                 0x08000198   Section        0  entry11a.o(.ARM.Collect$$$$0000000F)
    .ARM.Collect$$$$00002712                 0x08000198   Section        4  entry2.o(.ARM.Collect$$$$00002712)
    __lit__00000000                          0x08000198   Data           4  entry2.o(.ARM.Collect$$$$00002712)
    .text                                    0x0800019c   Section       36  startup_stm32f407xx.o(.text)
    $v0                                      0x0800019c   Number         0  startup_stm32f407xx.o(.text)
    .text                                    0x080001c0   Section        0  uldiv.o(.text)
    .text                                    0x08000222   Section        0  memseta.o(.text)
    .text                                    0x08000246   Section        0  dadd.o(.text)
    .text                                    0x08000394   Section        0  dmul.o(.text)
    .text                                    0x08000478   Section        0  ddiv.o(.text)
    .text                                    0x08000556   Section        0  dfixi.o(.text)
    .text                                    0x08000594   Section        0  f2d.o(.text)
    .text                                    0x080005bc   Section       48  cdcmple.o(.text)
    .text                                    0x080005ec   Section       48  cdrcmple.o(.text)
    .text                                    0x0800061c   Section        0  d2f.o(.text)
    .text                                    0x08000654   Section        0  uidiv.o(.text)
    .text                                    0x08000680   Section        0  llshl.o(.text)
    .text                                    0x0800069e   Section        0  llushr.o(.text)
    .text                                    0x080006be   Section        0  llsshr.o(.text)
    .text                                    0x080006e2   Section        0  iusefp.o(.text)
    .text                                    0x080006e2   Section        0  fepilogue.o(.text)
    .text                                    0x08000750   Section        0  depilogue.o(.text)
    .text                                    0x0800080c   Section       36  init.o(.text)
    i.ALL_Init                               0x08000830   Section        0  param&init.o(i.ALL_Init)
    i.ANTO_Send                              0x08000860   Section        0  antotc.o(i.ANTO_Send)
    i.BMI088_param_set                       0x08000c7c   Section        0  param&init.o(i.BMI088_param_set)
    i.BusFault_Handler                       0x08000cd8   Section        0  stm32f4xx_it.o(i.BusFault_Handler)
    i.DMA2_Stream7_IRQHandler                0x08000cdc   Section        0  stm32f4xx_it.o(i.DMA2_Stream7_IRQHandler)
    i.DMA_CalcBaseAndBitshift                0x08000ce8   Section        0  stm32f4xx_hal_dma.o(i.DMA_CalcBaseAndBitshift)
    DMA_CalcBaseAndBitshift                  0x08000ce9   Thumb Code    34  stm32f4xx_hal_dma.o(i.DMA_CalcBaseAndBitshift)
    i.DMA_CheckFifoParam                     0x08000d10   Section        0  stm32f4xx_hal_dma.o(i.DMA_CheckFifoParam)
    DMA_CheckFifoParam                       0x08000d11   Thumb Code    84  stm32f4xx_hal_dma.o(i.DMA_CheckFifoParam)
    i.DebugMon_Handler                       0x08000d64   Section        0  stm32f4xx_it.o(i.DebugMon_Handler)
    i.ESC_init                               0x08000d68   Section        0  esc.o(i.ESC_init)
    i.Error_Handler                          0x08000da8   Section        0  main.o(i.Error_Handler)
    i.FlightPidControl                       0x08000dac   Section        0  control.o(i.FlightPidControl)
    i.GetAngle                               0x08000f28   Section        0  imu.o(i.GetAngle)
    i.HAL_DMA_IRQHandler                     0x080013d4   Section        0  stm32f4xx_hal_dma.o(i.HAL_DMA_IRQHandler)
    i.HAL_DMA_Init                           0x08001574   Section        0  stm32f4xx_hal_dma.o(i.HAL_DMA_Init)
    i.HAL_Delay                              0x08001648   Section        0  stm32f4xx_hal.o(i.HAL_Delay)
    i.HAL_GPIO_Init                          0x0800166c   Section        0  stm32f4xx_hal_gpio.o(i.HAL_GPIO_Init)
    i.HAL_GPIO_WritePin                      0x0800185c   Section        0  stm32f4xx_hal_gpio.o(i.HAL_GPIO_WritePin)
    i.HAL_GetTick                            0x08001868   Section        0  stm32f4xx_hal.o(i.HAL_GetTick)
    i.HAL_IncTick                            0x08001874   Section        0  stm32f4xx_hal.o(i.HAL_IncTick)
    i.HAL_Init                               0x08001884   Section        0  stm32f4xx_hal.o(i.HAL_Init)
    i.HAL_InitTick                           0x080018b8   Section        0  stm32f4xx_hal.o(i.HAL_InitTick)
    i.HAL_MspInit                            0x080018f8   Section        0  stm32f4xx_hal_msp.o(i.HAL_MspInit)
    i.HAL_NVIC_EnableIRQ                     0x08001928   Section        0  stm32f4xx_hal_cortex.o(i.HAL_NVIC_EnableIRQ)
    i.HAL_NVIC_SetPriority                   0x08001944   Section        0  stm32f4xx_hal_cortex.o(i.HAL_NVIC_SetPriority)
    i.HAL_NVIC_SetPriorityGrouping           0x08001984   Section        0  stm32f4xx_hal_cortex.o(i.HAL_NVIC_SetPriorityGrouping)
    i.HAL_RCC_ClockConfig                    0x080019a8   Section        0  stm32f4xx_hal_rcc.o(i.HAL_RCC_ClockConfig)
    i.HAL_RCC_GetPCLK1Freq                   0x08001adc   Section        0  stm32f4xx_hal_rcc.o(i.HAL_RCC_GetPCLK1Freq)
    i.HAL_RCC_GetPCLK2Freq                   0x08001afc   Section        0  stm32f4xx_hal_rcc.o(i.HAL_RCC_GetPCLK2Freq)
    i.HAL_RCC_GetSysClockFreq                0x08001b1c   Section        0  stm32f4xx_hal_rcc.o(i.HAL_RCC_GetSysClockFreq)
    i.HAL_RCC_OscConfig                      0x08001b7c   Section        0  stm32f4xx_hal_rcc.o(i.HAL_RCC_OscConfig)
    i.HAL_SPI_GetState                       0x08001ee8   Section        0  stm32f4xx_hal_spi.o(i.HAL_SPI_GetState)
    i.HAL_SPI_Init                           0x08001eee   Section        0  stm32f4xx_hal_spi.o(i.HAL_SPI_Init)
    i.HAL_SPI_MspInit                        0x08001fac   Section        0  spi.o(i.HAL_SPI_MspInit)
    i.HAL_SPI_Receive                        0x08002078   Section        0  stm32f4xx_hal_spi.o(i.HAL_SPI_Receive)
    i.HAL_SPI_Transmit                       0x080021d2   Section        0  stm32f4xx_hal_spi.o(i.HAL_SPI_Transmit)
    i.HAL_SPI_TransmitReceive                0x08002338   Section        0  stm32f4xx_hal_spi.o(i.HAL_SPI_TransmitReceive)
    i.HAL_SYSTICK_Config                     0x0800251a   Section        0  stm32f4xx_hal_cortex.o(i.HAL_SYSTICK_Config)
    i.HAL_TIMEx_BreakCallback                0x08002542   Section        0  stm32f4xx_hal_tim_ex.o(i.HAL_TIMEx_BreakCallback)
    i.HAL_TIMEx_CommutCallback               0x08002544   Section        0  stm32f4xx_hal_tim_ex.o(i.HAL_TIMEx_CommutCallback)
    i.HAL_TIMEx_MasterConfigSynchronization  0x08002548   Section        0  stm32f4xx_hal_tim_ex.o(i.HAL_TIMEx_MasterConfigSynchronization)
    i.HAL_TIM_Base_Init                      0x080025d8   Section        0  stm32f4xx_hal_tim.o(i.HAL_TIM_Base_Init)
    i.HAL_TIM_Base_MspInit                   0x08002634   Section        0  tim.o(i.HAL_TIM_Base_MspInit)
    i.HAL_TIM_Base_Start_IT                  0x08002684   Section        0  stm32f4xx_hal_tim.o(i.HAL_TIM_Base_Start_IT)
    i.HAL_TIM_ConfigClockSource              0x08002704   Section        0  stm32f4xx_hal_tim.o(i.HAL_TIM_ConfigClockSource)
    i.HAL_TIM_IC_CaptureCallback             0x080027e0   Section        0  stm32f4xx_hal_tim.o(i.HAL_TIM_IC_CaptureCallback)
    i.HAL_TIM_IRQHandler                     0x080027e2   Section        0  stm32f4xx_hal_tim.o(i.HAL_TIM_IRQHandler)
    i.HAL_TIM_MspPostInit                    0x08002948   Section        0  tim.o(i.HAL_TIM_MspPostInit)
    i.HAL_TIM_OC_DelayElapsedCallback        0x08002998   Section        0  stm32f4xx_hal_tim.o(i.HAL_TIM_OC_DelayElapsedCallback)
    i.HAL_TIM_PWM_ConfigChannel              0x0800299a   Section        0  stm32f4xx_hal_tim.o(i.HAL_TIM_PWM_ConfigChannel)
    i.HAL_TIM_PWM_Init                       0x08002a66   Section        0  stm32f4xx_hal_tim.o(i.HAL_TIM_PWM_Init)
    i.HAL_TIM_PWM_MspInit                    0x08002ac0   Section        0  stm32f4xx_hal_tim.o(i.HAL_TIM_PWM_MspInit)
    i.HAL_TIM_PWM_PulseFinishedCallback      0x08002ac2   Section        0  stm32f4xx_hal_tim.o(i.HAL_TIM_PWM_PulseFinishedCallback)
    i.HAL_TIM_PWM_Start                      0x08002ac4   Section        0  stm32f4xx_hal_tim.o(i.HAL_TIM_PWM_Start)
    i.HAL_TIM_PeriodElapsedCallback          0x08002b8c   Section        0  param&init.o(i.HAL_TIM_PeriodElapsedCallback)
    i.HAL_TIM_TriggerCallback                0x08002bd4   Section        0  stm32f4xx_hal_tim.o(i.HAL_TIM_TriggerCallback)
    i.HAL_UART_Init                          0x08002bd6   Section        0  stm32f4xx_hal_uart.o(i.HAL_UART_Init)
    i.HAL_UART_MspInit                       0x08002c38   Section        0  usart.o(i.HAL_UART_MspInit)
    i.HAL_UART_Transmit                      0x08002cdc   Section        0  stm32f4xx_hal_uart.o(i.HAL_UART_Transmit)
    i.HardFault_Handler                      0x08002d8e   Section        0  stm32f4xx_it.o(i.HardFault_Handler)
    i.MX_DMA_Init                            0x08002d90   Section        0  dma.o(i.MX_DMA_Init)
    i.MX_GPIO_Init                           0x08002dbc   Section        0  gpio.o(i.MX_GPIO_Init)
    i.MX_SPI1_Init                           0x08002e6c   Section        0  spi.o(i.MX_SPI1_Init)
    i.MX_SPI2_Init                           0x08002eb4   Section        0  spi.o(i.MX_SPI2_Init)
    i.MX_TIM2_Init                           0x08002efc   Section        0  tim.o(i.MX_TIM2_Init)
    i.MX_TIM3_Init                           0x08002fc4   Section        0  tim.o(i.MX_TIM3_Init)
    i.MX_USART1_UART_Init                    0x0800302c   Section        0  usart.o(i.MX_USART1_UART_Init)
    i.MemManage_Handler                      0x08003064   Section        0  stm32f4xx_it.o(i.MemManage_Handler)
    i.MotorControl                           0x08003068   Section        0  control.o(i.MotorControl)
    i.Motor_Unlock                           0x08003348   Section        0  esc.o(i.Motor_Unlock)
    i.NMI_Handler                            0x08003378   Section        0  stm32f4xx_it.o(i.NMI_Handler)
    i.NRF24L01_Check                         0x0800337c   Section        0  nrf24l01.o(i.NRF24L01_Check)
    i.NRF24L01_RX_Mode                       0x080033c4   Section        0  nrf24l01.o(i.NRF24L01_RX_Mode)
    i.NRF24L01_Read_Buf                      0x08003424   Section        0  nrf24l01.o(i.NRF24L01_Read_Buf)
    i.NRF24L01_Read_Reg                      0x08003474   Section        0  nrf24l01.o(i.NRF24L01_Read_Reg)
    i.NRF24L01_RxPacket                      0x080034a4   Section        0  nrf24l01.o(i.NRF24L01_RxPacket)
    i.NRF24L01_Write_Buf                     0x080034d8   Section        0  nrf24l01.o(i.NRF24L01_Write_Buf)
    i.NRF24L01_Write_Reg                     0x08003520   Section        0  nrf24l01.o(i.NRF24L01_Write_Reg)
    i.NRF24L01_init                          0x08003554   Section        0  nrf24l01.o(i.NRF24L01_init)
    i.PendSV_Handler                         0x08003584   Section        0  stm32f4xx_it.o(i.PendSV_Handler)
    i.Q_rsqrt                                0x08003588   Section        0  mymath.o(i.Q_rsqrt)
    i.RC_Analy                               0x080035c4   Section        0  nrf24l01.o(i.RC_Analy)
    i.SPI1_ReadWriteByte                     0x080036bc   Section        0  nrf24l01.o(i.SPI1_ReadWriteByte)
    i.SPI_EndRxTransaction                   0x080036dc   Section        0  stm32f4xx_hal_spi.o(i.SPI_EndRxTransaction)
    SPI_EndRxTransaction                     0x080036dd   Thumb Code    92  stm32f4xx_hal_spi.o(i.SPI_EndRxTransaction)
    i.SPI_EndRxTxTransaction                 0x08003738   Section        0  stm32f4xx_hal_spi.o(i.SPI_EndRxTxTransaction)
    SPI_EndRxTxTransaction                   0x08003739   Thumb Code    80  stm32f4xx_hal_spi.o(i.SPI_EndRxTxTransaction)
    i.SPI_WaitFlagStateUntilTimeout          0x08003790   Section        0  stm32f4xx_hal_spi.o(i.SPI_WaitFlagStateUntilTimeout)
    SPI_WaitFlagStateUntilTimeout            0x08003791   Thumb Code   180  stm32f4xx_hal_spi.o(i.SPI_WaitFlagStateUntilTimeout)
    i.SVC_Handler                            0x08003848   Section        0  stm32f4xx_it.o(i.SVC_Handler)
    i.SysTick_Handler                        0x0800384a   Section        0  stm32f4xx_it.o(i.SysTick_Handler)
    i.SystemClock_Config                     0x08003850   Section        0  main.o(i.SystemClock_Config)
    i.SystemInit                             0x080038e4   Section        0  system_stm32f4xx.o(i.SystemInit)
    i.TIM3_IRQHandler                        0x080038f4   Section        0  stm32f4xx_it.o(i.TIM3_IRQHandler)
    i.TIM_Base_SetConfig                     0x08003900   Section        0  stm32f4xx_hal_tim.o(i.TIM_Base_SetConfig)
    i.TIM_CCxChannelCmd                      0x080039c8   Section        0  stm32f4xx_hal_tim.o(i.TIM_CCxChannelCmd)
    i.TIM_ETR_SetConfig                      0x080039e2   Section        0  stm32f4xx_hal_tim.o(i.TIM_ETR_SetConfig)
    i.TIM_ITRx_SetConfig                     0x080039f6   Section        0  stm32f4xx_hal_tim.o(i.TIM_ITRx_SetConfig)
    TIM_ITRx_SetConfig                       0x080039f7   Thumb Code    16  stm32f4xx_hal_tim.o(i.TIM_ITRx_SetConfig)
    i.TIM_OC1_SetConfig                      0x08003a08   Section        0  stm32f4xx_hal_tim.o(i.TIM_OC1_SetConfig)
    TIM_OC1_SetConfig                        0x08003a09   Thumb Code    88  stm32f4xx_hal_tim.o(i.TIM_OC1_SetConfig)
    i.TIM_OC2_SetConfig                      0x08003a68   Section        0  stm32f4xx_hal_tim.o(i.TIM_OC2_SetConfig)
    i.TIM_OC3_SetConfig                      0x08003ad4   Section        0  stm32f4xx_hal_tim.o(i.TIM_OC3_SetConfig)
    TIM_OC3_SetConfig                        0x08003ad5   Thumb Code    96  stm32f4xx_hal_tim.o(i.TIM_OC3_SetConfig)
    i.TIM_OC4_SetConfig                      0x08003b3c   Section        0  stm32f4xx_hal_tim.o(i.TIM_OC4_SetConfig)
    TIM_OC4_SetConfig                        0x08003b3d   Thumb Code    70  stm32f4xx_hal_tim.o(i.TIM_OC4_SetConfig)
    i.TIM_TI1_ConfigInputStage               0x08003b8c   Section        0  stm32f4xx_hal_tim.o(i.TIM_TI1_ConfigInputStage)
    TIM_TI1_ConfigInputStage                 0x08003b8d   Thumb Code    34  stm32f4xx_hal_tim.o(i.TIM_TI1_ConfigInputStage)
    i.TIM_TI2_ConfigInputStage               0x08003bae   Section        0  stm32f4xx_hal_tim.o(i.TIM_TI2_ConfigInputStage)
    TIM_TI2_ConfigInputStage                 0x08003baf   Thumb Code    36  stm32f4xx_hal_tim.o(i.TIM_TI2_ConfigInputStage)
    i.UART_SetConfig                         0x08003bd4   Section        0  stm32f4xx_hal_uart.o(i.UART_SetConfig)
    UART_SetConfig                           0x08003bd5   Thumb Code   258  stm32f4xx_hal_uart.o(i.UART_SetConfig)
    i.UART_WaitOnFlagUntilTimeout            0x08003ce0   Section        0  stm32f4xx_hal_uart.o(i.UART_WaitOnFlagUntilTimeout)
    UART_WaitOnFlagUntilTimeout              0x08003ce1   Thumb Code   120  stm32f4xx_hal_uart.o(i.UART_WaitOnFlagUntilTimeout)
    i.UsageFault_Handler                     0x08003d58   Section        0  stm32f4xx_it.o(i.UsageFault_Handler)
    i.__0printf$3                            0x08003d5c   Section        0  printf3.o(i.__0printf$3)
    i.__NVIC_SetPriority                     0x08003d7c   Section        0  stm32f4xx_hal_cortex.o(i.__NVIC_SetPriority)
    __NVIC_SetPriority                       0x08003d7d   Thumb Code    32  stm32f4xx_hal_cortex.o(i.__NVIC_SetPriority)
    i.__scatterload_copy                     0x08003d9c   Section       14  handlers.o(i.__scatterload_copy)
    i.__scatterload_null                     0x08003daa   Section        2  handlers.o(i.__scatterload_null)
    i.__scatterload_zeroinit                 0x08003dac   Section       14  handlers.o(i.__scatterload_zeroinit)
    i._printf_core                           0x08003dbc   Section        0  printf3.o(i._printf_core)
    _printf_core                             0x08003dbd   Thumb Code   436  printf3.o(i._printf_core)
    i.atan2_approx                           0x08003f74   Section        0  mymath.o(i.atan2_approx)
    i.bmi088_init                            0x08004084   Section        0  bmi088.o(i.bmi088_init)
    i.bmi08a_get_data                        0x0800409c   Section        0  bmi08a.o(i.bmi08a_get_data)
    i.bmi08a_init                            0x08004120   Section        0  bmi08a.o(i.bmi08a_init)
    i.bmi08a_set_meas_conf                   0x08004170   Section        0  bmi08a.o(i.bmi08a_set_meas_conf)
    i.bmi08a_set_power_mode                  0x080041f8   Section        0  bmi08a.o(i.bmi08a_set_power_mode)
    i.bmi08a_soft_reset                      0x08004254   Section        0  bmi08a.o(i.bmi08a_soft_reset)
    i.bmi08g_get_data                        0x08004294   Section        0  bmi08g.o(i.bmi08g_get_data)
    i.bmi08g_init                            0x08004304   Section        0  bmi08g.o(i.bmi08g_init)
    i.bmi08g_set_meas_conf                   0x08004336   Section        0  bmi08g.o(i.bmi08g_set_meas_conf)
    i.bmi08g_set_power_mode                  0x080043c0   Section        0  bmi08g.o(i.bmi08g_set_power_mode)
    i.bmi08g_soft_reset                      0x08004422   Section        0  bmi08g.o(i.bmi08g_soft_reset)
    i.example_anto_send                      0x0800444e   Section        0  antotc.o(i.example_anto_send)
    i.fast_sin                               0x08004480   Section        0  mymath.o(i.fast_sin)
    i.filter                                 0x080045f0   Section        0  imu.o(i.filter)
    i.fputc                                  0x0800467c   Section        0  param&init.o(i.fputc)
    i.free                                   0x08004694   Section        0  malloc.o(i.free)
    i.get_regs                               0x080046e4   Section        0  bmi08a.o(i.get_regs)
    get_regs                                 0x080046e5   Thumb Code    96  bmi08a.o(i.get_regs)
    i.get_regs                               0x08004744   Section        0  bmi08g.o(i.get_regs)
    get_regs                                 0x08004745   Thumb Code    36  bmi08g.o(i.get_regs)
    i.imu_land_set                           0x08004768   Section        0  imu.o(i.imu_land_set)
    i.imu_rest                               0x08004820   Section        0  imu.o(i.imu_rest)
    i.kalman_1                               0x08004864   Section        0  kalman.o(i.kalman_1)
    i.main                                   0x080048a8   Section        0  main.o(i.main)
    i.malloc                                 0x080048fc   Section        0  malloc.o(i.malloc)
    i.null_ptr_check                         0x08004968   Section        0  bmi08a.o(i.null_ptr_check)
    null_ptr_check                           0x08004969   Thumb Code    24  bmi08a.o(i.null_ptr_check)
    i.null_ptr_check                         0x08004980   Section        0  bmi08g.o(i.null_ptr_check)
    null_ptr_check                           0x08004981   Thumb Code    24  bmi08g.o(i.null_ptr_check)
    i.pidRest                                0x08004998   Section        0  pid.o(i.pidRest)
    i.pidUpdate                              0x080049b4   Section        0  pid.o(i.pidUpdate)
    i.pid_param_Init                         0x08004a70   Section        0  param&init.o(i.pid_param_Init)
    i.set_regs                               0x08004afc   Section        0  bmi08a.o(i.set_regs)
    set_regs                                 0x08004afd   Thumb Code    36  bmi08a.o(i.set_regs)
    i.set_regs                               0x08004b20   Section        0  bmi08g.o(i.set_regs)
    set_regs                                 0x08004b21   Thumb Code    36  bmi08g.o(i.set_regs)
    i.stm32_spi_read                         0x08004b44   Section        0  bmi088.o(i.stm32_spi_read)
    i.stm32_spi_write                        0x08004b98   Section        0  bmi088.o(i.stm32_spi_write)
    .constdata                               0x08004c00   Section        8  stm32f4xx_hal_dma.o(.constdata)
    flagBitshiftOffset                       0x08004c00   Data           8  stm32f4xx_hal_dma.o(.constdata)
    .constdata                               0x08004c08   Section       16  system_stm32f4xx.o(.constdata)
    .constdata                               0x08004c18   Section        8  system_stm32f4xx.o(.constdata)
    .constdata                               0x08004c20   Section        5  nrf24l01.o(.constdata)
    .constdata                               0x08004c28   Section        4  mymath.o(.constdata)
    .constdata                               0x08004c2c   Section        4  mymath.o(.constdata)
    .data                                    0x20000000   Section       12  stm32f4xx_hal.o(.data)
    .data                                    0x2000000c   Section        4  system_stm32f4xx.o(.data)
    .data                                    0x20000010   Section       48  param&init.o(.data)
    .data                                    0x20000040   Section       16  param&init.o(.data)
    .data                                    0x20000050   Section      144  param&init.o(.data)
    .data                                    0x200000e0   Section        4  param&init.o(.data)
    .data                                    0x200000e4   Section        4  param&init.o(.data)
    .data                                    0x200000e8   Section        8  param&init.o(.data)
    .data                                    0x200000f0   Section        4  stdin.o(.data)
    .data                                    0x200000f4   Section        4  stdout.o(.data)
    .data                                    0x200000f8   Section        4  mvars.o(.data)
    .data                                    0x200000fc   Section        4  mvars.o(.data)
    .bss                                     0x20000100   Section      176  spi.o(.bss)
    .bss                                     0x200001b0   Section      144  tim.o(.bss)
    .bss                                     0x20000240   Section      164  usart.o(.bss)
    .bss                                     0x200002e4   Section       32  nrf24l01.o(.bss)
    .bss                                     0x20000304   Section       12  param&init.o(.bss)
    .bss                                     0x20000310   Section       12  param&init.o(.bss)
    .bss                                     0x2000031c   Section       12  param&init.o(.bss)
    .bss                                     0x20000328   Section       16  param&init.o(.bss)
    .bss                                     0x20000338   Section       12  param&init.o(.bss)
    .bss                                     0x20000344   Section       12  param&init.o(.bss)
    .bss                                     0x20000350   Section       12  imu.o(.bss)
    .bss                                     0x2000035c   Section       52  pid.o(.bss)
    .bss                                     0x20000390   Section       52  pid.o(.bss)
    .bss                                     0x200003c4   Section       52  pid.o(.bss)
    .bss                                     0x200003f8   Section       52  pid.o(.bss)
    .bss                                     0x2000042c   Section       52  pid.o(.bss)
    .bss                                     0x20000460   Section       52  pid.o(.bss)
    HEAP                                     0x20000498   Section      512  startup_stm32f407xx.o(HEAP)
    STACK                                    0x20000698   Section     1024  startup_stm32f407xx.o(STACK)

    Global Symbols

    Symbol Name                              Value     Ov Type        Size  Object(Section)

    BuildAttributes$$THM_ISAv4$E$P$D$K$B$S$7EM$VFPi3$EXTD16$VFPS$VFMA$PE$A:L22UL41UL21$X:L11$S22US41US21$IEEE1$IW$USESV6$~STKCKD$USESV7$~SHL$OTIME$ROPI$EBA8$MICROLIB$REQ8$PRES8$EABIv2 0x00000000   Number         0  anon$$obj.o ABSOLUTE
    __ARM_use_no_argv                        0x00000000   Number         0  main.o ABSOLUTE
    _printf_a                                0x00000000   Number         0  stubs.o ABSOLUTE
    _printf_c                                0x00000000   Number         0  stubs.o ABSOLUTE
    _printf_charcount                        0x00000000   Number         0  stubs.o ABSOLUTE
    _printf_d                                0x00000000   Number         0  stubs.o ABSOLUTE
    _printf_e                                0x00000000   Number         0  stubs.o ABSOLUTE
    _printf_f                                0x00000000   Number         0  stubs.o ABSOLUTE
    _printf_flags                            0x00000000   Number         0  stubs.o ABSOLUTE
    _printf_fp_dec                           0x00000000   Number         0  stubs.o ABSOLUTE
    _printf_fp_hex                           0x00000000   Number         0  stubs.o ABSOLUTE
    _printf_g                                0x00000000   Number         0  stubs.o ABSOLUTE
    _printf_i                                0x00000000   Number         0  stubs.o ABSOLUTE
    _printf_int_dec                          0x00000000   Number         0  stubs.o ABSOLUTE
    _printf_l                                0x00000000   Number         0  stubs.o ABSOLUTE
    _printf_lc                               0x00000000   Number         0  stubs.o ABSOLUTE
    _printf_ll                               0x00000000   Number         0  stubs.o ABSOLUTE
    _printf_lld                              0x00000000   Number         0  stubs.o ABSOLUTE
    _printf_lli                              0x00000000   Number         0  stubs.o ABSOLUTE
    _printf_llo                              0x00000000   Number         0  stubs.o ABSOLUTE
    _printf_llu                              0x00000000   Number         0  stubs.o ABSOLUTE
    _printf_llx                              0x00000000   Number         0  stubs.o ABSOLUTE
    _printf_longlong_dec                     0x00000000   Number         0  stubs.o ABSOLUTE
    _printf_longlong_hex                     0x00000000   Number         0  stubs.o ABSOLUTE
    _printf_longlong_oct                     0x00000000   Number         0  stubs.o ABSOLUTE
    _printf_ls                               0x00000000   Number         0  stubs.o ABSOLUTE
    _printf_mbtowc                           0x00000000   Number         0  stubs.o ABSOLUTE
    _printf_n                                0x00000000   Number         0  stubs.o ABSOLUTE
    _printf_o                                0x00000000   Number         0  stubs.o ABSOLUTE
    _printf_p                                0x00000000   Number         0  stubs.o ABSOLUTE
    _printf_percent                          0x00000000   Number         0  stubs.o ABSOLUTE
    _printf_pre_padding                      0x00000000   Number         0  stubs.o ABSOLUTE
    _printf_return_value                     0x00000000   Number         0  stubs.o ABSOLUTE
    _printf_s                                0x00000000   Number         0  stubs.o ABSOLUTE
    _printf_sizespec                         0x00000000   Number         0  stubs.o ABSOLUTE
    _printf_str                              0x00000000   Number         0  stubs.o ABSOLUTE
    _printf_truncate_signed                  0x00000000   Number         0  stubs.o ABSOLUTE
    _printf_truncate_unsigned                0x00000000   Number         0  stubs.o ABSOLUTE
    _printf_u                                0x00000000   Number         0  stubs.o ABSOLUTE
    _printf_wc                               0x00000000   Number         0  stubs.o ABSOLUTE
    _printf_wctomb                           0x00000000   Number         0  stubs.o ABSOLUTE
    _printf_widthprec                        0x00000000   Number         0  stubs.o ABSOLUTE
    _printf_x                                0x00000000   Number         0  stubs.o ABSOLUTE
    __cpp_initialize__aeabi_                  - Undefined Weak Reference
    __cxa_finalize                            - Undefined Weak Reference
    __decompress                              - Undefined Weak Reference
    _clock_init                               - Undefined Weak Reference
    _microlib_exit                            - Undefined Weak Reference
    __Vectors_Size                           0x00000188   Number         0  startup_stm32f407xx.o ABSOLUTE
    __Vectors                                0x08000000   Data           4  startup_stm32f407xx.o(RESET)
    __Vectors_End                            0x08000188   Data           0  startup_stm32f407xx.o(RESET)
    __main                                   0x08000189   Thumb Code     0  entry.o(.ARM.Collect$$$$00000000)
    _main_stk                                0x08000189   Thumb Code     0  entry2.o(.ARM.Collect$$$$00000001)
    _main_scatterload                        0x0800018d   Thumb Code     0  entry5.o(.ARM.Collect$$$$00000004)
    __main_after_scatterload                 0x08000191   Thumb Code     0  entry5.o(.ARM.Collect$$$$00000004)
    _main_clock                              0x08000191   Thumb Code     0  entry7b.o(.ARM.Collect$$$$00000008)
    _main_cpp_init                           0x08000191   Thumb Code     0  entry8b.o(.ARM.Collect$$$$0000000A)
    _main_init                               0x08000191   Thumb Code     0  entry9a.o(.ARM.Collect$$$$0000000B)
    __rt_final_cpp                           0x08000199   Thumb Code     0  entry10a.o(.ARM.Collect$$$$0000000D)
    __rt_final_exit                          0x08000199   Thumb Code     0  entry11a.o(.ARM.Collect$$$$0000000F)
    Reset_Handler                            0x0800019d   Thumb Code     8  startup_stm32f407xx.o(.text)
    ADC_IRQHandler                           0x080001b7   Thumb Code     0  startup_stm32f407xx.o(.text)
    CAN1_RX0_IRQHandler                      0x080001b7   Thumb Code     0  startup_stm32f407xx.o(.text)
    CAN1_RX1_IRQHandler                      0x080001b7   Thumb Code     0  startup_stm32f407xx.o(.text)
    CAN1_SCE_IRQHandler                      0x080001b7   Thumb Code     0  startup_stm32f407xx.o(.text)
    CAN1_TX_IRQHandler                       0x080001b7   Thumb Code     0  startup_stm32f407xx.o(.text)
    CAN2_RX0_IRQHandler                      0x080001b7   Thumb Code     0  startup_stm32f407xx.o(.text)
    CAN2_RX1_IRQHandler                      0x080001b7   Thumb Code     0  startup_stm32f407xx.o(.text)
    CAN2_SCE_IRQHandler                      0x080001b7   Thumb Code     0  startup_stm32f407xx.o(.text)
    CAN2_TX_IRQHandler                       0x080001b7   Thumb Code     0  startup_stm32f407xx.o(.text)
    DCMI_IRQHandler                          0x080001b7   Thumb Code     0  startup_stm32f407xx.o(.text)
    DMA1_Stream0_IRQHandler                  0x080001b7   Thumb Code     0  startup_stm32f407xx.o(.text)
    DMA1_Stream1_IRQHandler                  0x080001b7   Thumb Code     0  startup_stm32f407xx.o(.text)
    DMA1_Stream2_IRQHandler                  0x080001b7   Thumb Code     0  startup_stm32f407xx.o(.text)
    DMA1_Stream3_IRQHandler                  0x080001b7   Thumb Code     0  startup_stm32f407xx.o(.text)
    DMA1_Stream4_IRQHandler                  0x080001b7   Thumb Code     0  startup_stm32f407xx.o(.text)
    DMA1_Stream5_IRQHandler                  0x080001b7   Thumb Code     0  startup_stm32f407xx.o(.text)
    DMA1_Stream6_IRQHandler                  0x080001b7   Thumb Code     0  startup_stm32f407xx.o(.text)
    DMA1_Stream7_IRQHandler                  0x080001b7   Thumb Code     0  startup_stm32f407xx.o(.text)
    DMA2_Stream0_IRQHandler                  0x080001b7   Thumb Code     0  startup_stm32f407xx.o(.text)
    DMA2_Stream1_IRQHandler                  0x080001b7   Thumb Code     0  startup_stm32f407xx.o(.text)
    DMA2_Stream2_IRQHandler                  0x080001b7   Thumb Code     0  startup_stm32f407xx.o(.text)
    DMA2_Stream3_IRQHandler                  0x080001b7   Thumb Code     0  startup_stm32f407xx.o(.text)
    DMA2_Stream4_IRQHandler                  0x080001b7   Thumb Code     0  startup_stm32f407xx.o(.text)
    DMA2_Stream5_IRQHandler                  0x080001b7   Thumb Code     0  startup_stm32f407xx.o(.text)
    DMA2_Stream6_IRQHandler                  0x080001b7   Thumb Code     0  startup_stm32f407xx.o(.text)
    ETH_IRQHandler                           0x080001b7   Thumb Code     0  startup_stm32f407xx.o(.text)
    ETH_WKUP_IRQHandler                      0x080001b7   Thumb Code     0  startup_stm32f407xx.o(.text)
    EXTI0_IRQHandler                         0x080001b7   Thumb Code     0  startup_stm32f407xx.o(.text)
    EXTI15_10_IRQHandler                     0x080001b7   Thumb Code     0  startup_stm32f407xx.o(.text)
    EXTI1_IRQHandler                         0x080001b7   Thumb Code     0  startup_stm32f407xx.o(.text)
    EXTI2_IRQHandler                         0x080001b7   Thumb Code     0  startup_stm32f407xx.o(.text)
    EXTI3_IRQHandler                         0x080001b7   Thumb Code     0  startup_stm32f407xx.o(.text)
    EXTI4_IRQHandler                         0x080001b7   Thumb Code     0  startup_stm32f407xx.o(.text)
    EXTI9_5_IRQHandler                       0x080001b7   Thumb Code     0  startup_stm32f407xx.o(.text)
    FLASH_IRQHandler                         0x080001b7   Thumb Code     0  startup_stm32f407xx.o(.text)
    FMC_IRQHandler                           0x080001b7   Thumb Code     0  startup_stm32f407xx.o(.text)
    FPU_IRQHandler                           0x080001b7   Thumb Code     0  startup_stm32f407xx.o(.text)
    HASH_RNG_IRQHandler                      0x080001b7   Thumb Code     0  startup_stm32f407xx.o(.text)
    I2C1_ER_IRQHandler                       0x080001b7   Thumb Code     0  startup_stm32f407xx.o(.text)
    I2C1_EV_IRQHandler                       0x080001b7   Thumb Code     0  startup_stm32f407xx.o(.text)
    I2C2_ER_IRQHandler                       0x080001b7   Thumb Code     0  startup_stm32f407xx.o(.text)
    I2C2_EV_IRQHandler                       0x080001b7   Thumb Code     0  startup_stm32f407xx.o(.text)
    I2C3_ER_IRQHandler                       0x080001b7   Thumb Code     0  startup_stm32f407xx.o(.text)
    I2C3_EV_IRQHandler                       0x080001b7   Thumb Code     0  startup_stm32f407xx.o(.text)
    OTG_FS_IRQHandler                        0x080001b7   Thumb Code     0  startup_stm32f407xx.o(.text)
    OTG_FS_WKUP_IRQHandler                   0x080001b7   Thumb Code     0  startup_stm32f407xx.o(.text)
    OTG_HS_EP1_IN_IRQHandler                 0x080001b7   Thumb Code     0  startup_stm32f407xx.o(.text)
    OTG_HS_EP1_OUT_IRQHandler                0x080001b7   Thumb Code     0  startup_stm32f407xx.o(.text)
    OTG_HS_IRQHandler                        0x080001b7   Thumb Code     0  startup_stm32f407xx.o(.text)
    OTG_HS_WKUP_IRQHandler                   0x080001b7   Thumb Code     0  startup_stm32f407xx.o(.text)
    PVD_IRQHandler                           0x080001b7   Thumb Code     0  startup_stm32f407xx.o(.text)
    RCC_IRQHandler                           0x080001b7   Thumb Code     0  startup_stm32f407xx.o(.text)
    RTC_Alarm_IRQHandler                     0x080001b7   Thumb Code     0  startup_stm32f407xx.o(.text)
    RTC_WKUP_IRQHandler                      0x080001b7   Thumb Code     0  startup_stm32f407xx.o(.text)
    SDIO_IRQHandler                          0x080001b7   Thumb Code     0  startup_stm32f407xx.o(.text)
    SPI1_IRQHandler                          0x080001b7   Thumb Code     0  startup_stm32f407xx.o(.text)
    SPI2_IRQHandler                          0x080001b7   Thumb Code     0  startup_stm32f407xx.o(.text)
    SPI3_IRQHandler                          0x080001b7   Thumb Code     0  startup_stm32f407xx.o(.text)
    TAMP_STAMP_IRQHandler                    0x080001b7   Thumb Code     0  startup_stm32f407xx.o(.text)
    TIM1_BRK_TIM9_IRQHandler                 0x080001b7   Thumb Code     0  startup_stm32f407xx.o(.text)
    TIM1_CC_IRQHandler                       0x080001b7   Thumb Code     0  startup_stm32f407xx.o(.text)
    TIM1_TRG_COM_TIM11_IRQHandler            0x080001b7   Thumb Code     0  startup_stm32f407xx.o(.text)
    TIM1_UP_TIM10_IRQHandler                 0x080001b7   Thumb Code     0  startup_stm32f407xx.o(.text)
    TIM2_IRQHandler                          0x080001b7   Thumb Code     0  startup_stm32f407xx.o(.text)
    TIM4_IRQHandler                          0x080001b7   Thumb Code     0  startup_stm32f407xx.o(.text)
    TIM5_IRQHandler                          0x080001b7   Thumb Code     0  startup_stm32f407xx.o(.text)
    TIM6_DAC_IRQHandler                      0x080001b7   Thumb Code     0  startup_stm32f407xx.o(.text)
    TIM7_IRQHandler                          0x080001b7   Thumb Code     0  startup_stm32f407xx.o(.text)
    TIM8_BRK_TIM12_IRQHandler                0x080001b7   Thumb Code     0  startup_stm32f407xx.o(.text)
    TIM8_CC_IRQHandler                       0x080001b7   Thumb Code     0  startup_stm32f407xx.o(.text)
    TIM8_TRG_COM_TIM14_IRQHandler            0x080001b7   Thumb Code     0  startup_stm32f407xx.o(.text)
    TIM8_UP_TIM13_IRQHandler                 0x080001b7   Thumb Code     0  startup_stm32f407xx.o(.text)
    UART4_IRQHandler                         0x080001b7   Thumb Code     0  startup_stm32f407xx.o(.text)
    UART5_IRQHandler                         0x080001b7   Thumb Code     0  startup_stm32f407xx.o(.text)
    USART1_IRQHandler                        0x080001b7   Thumb Code     0  startup_stm32f407xx.o(.text)
    USART2_IRQHandler                        0x080001b7   Thumb Code     0  startup_stm32f407xx.o(.text)
    USART3_IRQHandler                        0x080001b7   Thumb Code     0  startup_stm32f407xx.o(.text)
    USART6_IRQHandler                        0x080001b7   Thumb Code     0  startup_stm32f407xx.o(.text)
    WWDG_IRQHandler                          0x080001b7   Thumb Code     0  startup_stm32f407xx.o(.text)
    __aeabi_uldivmod                         0x080001c1   Thumb Code    98  uldiv.o(.text)
    __aeabi_memset                           0x08000223   Thumb Code    14  memseta.o(.text)
    __aeabi_memset4                          0x08000223   Thumb Code     0  memseta.o(.text)
    __aeabi_memset8                          0x08000223   Thumb Code     0  memseta.o(.text)
    __aeabi_memclr                           0x08000231   Thumb Code     4  memseta.o(.text)
    __aeabi_memclr4                          0x08000231   Thumb Code     0  memseta.o(.text)
    __aeabi_memclr8                          0x08000231   Thumb Code     0  memseta.o(.text)
    _memset$wrapper                          0x08000235   Thumb Code    18  memseta.o(.text)
    __aeabi_dadd                             0x08000247   Thumb Code   322  dadd.o(.text)
    __aeabi_dsub                             0x08000389   Thumb Code     6  dadd.o(.text)
    __aeabi_drsub                            0x0800038f   Thumb Code     6  dadd.o(.text)
    __aeabi_dmul                             0x08000395   Thumb Code   228  dmul.o(.text)
    __aeabi_ddiv                             0x08000479   Thumb Code   222  ddiv.o(.text)
    __aeabi_d2iz                             0x08000557   Thumb Code    62  dfixi.o(.text)
    __aeabi_f2d                              0x08000595   Thumb Code    38  f2d.o(.text)
    __aeabi_cdcmpeq                          0x080005bd   Thumb Code     0  cdcmple.o(.text)
    __aeabi_cdcmple                          0x080005bd   Thumb Code    48  cdcmple.o(.text)
    __aeabi_cdrcmple                         0x080005ed   Thumb Code    48  cdrcmple.o(.text)
    __aeabi_d2f                              0x0800061d   Thumb Code    56  d2f.o(.text)
    __aeabi_uidiv                            0x08000655   Thumb Code     0  uidiv.o(.text)
    __aeabi_uidivmod                         0x08000655   Thumb Code    44  uidiv.o(.text)
    __aeabi_llsl                             0x08000681   Thumb Code    30  llshl.o(.text)
    _ll_shift_l                              0x08000681   Thumb Code     0  llshl.o(.text)
    __aeabi_llsr                             0x0800069f   Thumb Code    32  llushr.o(.text)
    _ll_ushift_r                             0x0800069f   Thumb Code     0  llushr.o(.text)
    __aeabi_lasr                             0x080006bf   Thumb Code    36  llsshr.o(.text)
    _ll_sshift_r                             0x080006bf   Thumb Code     0  llsshr.o(.text)
    __I$use$fp                               0x080006e3   Thumb Code     0  iusefp.o(.text)
    _float_round                             0x080006e3   Thumb Code    18  fepilogue.o(.text)
    _float_epilogue                          0x080006f5   Thumb Code    92  fepilogue.o(.text)
    _double_round                            0x08000751   Thumb Code    30  depilogue.o(.text)
    _double_epilogue                         0x0800076f   Thumb Code   156  depilogue.o(.text)
    __scatterload                            0x0800080d   Thumb Code    28  init.o(.text)
    __scatterload_rt2                        0x0800080d   Thumb Code     0  init.o(.text)
    ALL_Init                                 0x08000831   Thumb Code    44  param&init.o(i.ALL_Init)
    ANTO_Send                                0x08000861   Thumb Code   986  antotc.o(i.ANTO_Send)
    BMI088_param_set                         0x08000c7d   Thumb Code    84  param&init.o(i.BMI088_param_set)
    BusFault_Handler                         0x08000cd9   Thumb Code     2  stm32f4xx_it.o(i.BusFault_Handler)
    DMA2_Stream7_IRQHandler                  0x08000cdd   Thumb Code     6  stm32f4xx_it.o(i.DMA2_Stream7_IRQHandler)
    DebugMon_Handler                         0x08000d65   Thumb Code     2  stm32f4xx_it.o(i.DebugMon_Handler)
    ESC_init                                 0x08000d69   Thumb Code    50  esc.o(i.ESC_init)
    Error_Handler                            0x08000da9   Thumb Code     4  main.o(i.Error_Handler)
    FlightPidControl                         0x08000dad   Thumb Code   318  control.o(i.FlightPidControl)
    GetAngle                                 0x08000f29   Thumb Code  1188  imu.o(i.GetAngle)
    HAL_DMA_IRQHandler                       0x080013d5   Thumb Code   412  stm32f4xx_hal_dma.o(i.HAL_DMA_IRQHandler)
    HAL_DMA_Init                             0x08001575   Thumb Code   206  stm32f4xx_hal_dma.o(i.HAL_DMA_Init)
    HAL_Delay                                0x08001649   Thumb Code    32  stm32f4xx_hal.o(i.HAL_Delay)
    HAL_GPIO_Init                            0x0800166d   Thumb Code   450  stm32f4xx_hal_gpio.o(i.HAL_GPIO_Init)
    HAL_GPIO_WritePin                        0x0800185d   Thumb Code    10  stm32f4xx_hal_gpio.o(i.HAL_GPIO_WritePin)
    HAL_GetTick                              0x08001869   Thumb Code     6  stm32f4xx_hal.o(i.HAL_GetTick)
    HAL_IncTick                              0x08001875   Thumb Code    12  stm32f4xx_hal.o(i.HAL_IncTick)
    HAL_Init                                 0x08001885   Thumb Code    48  stm32f4xx_hal.o(i.HAL_Init)
    HAL_InitTick                             0x080018b9   Thumb Code    54  stm32f4xx_hal.o(i.HAL_InitTick)
    HAL_MspInit                              0x080018f9   Thumb Code    42  stm32f4xx_hal_msp.o(i.HAL_MspInit)
    HAL_NVIC_EnableIRQ                       0x08001929   Thumb Code    26  stm32f4xx_hal_cortex.o(i.HAL_NVIC_EnableIRQ)
    HAL_NVIC_SetPriority                     0x08001945   Thumb Code    60  stm32f4xx_hal_cortex.o(i.HAL_NVIC_SetPriority)
    HAL_NVIC_SetPriorityGrouping             0x08001985   Thumb Code    26  stm32f4xx_hal_cortex.o(i.HAL_NVIC_SetPriorityGrouping)
    HAL_RCC_ClockConfig                      0x080019a9   Thumb Code   288  stm32f4xx_hal_rcc.o(i.HAL_RCC_ClockConfig)
    HAL_RCC_GetPCLK1Freq                     0x08001add   Thumb Code    20  stm32f4xx_hal_rcc.o(i.HAL_RCC_GetPCLK1Freq)
    HAL_RCC_GetPCLK2Freq                     0x08001afd   Thumb Code    20  stm32f4xx_hal_rcc.o(i.HAL_RCC_GetPCLK2Freq)
    HAL_RCC_GetSysClockFreq                  0x08001b1d   Thumb Code    88  stm32f4xx_hal_rcc.o(i.HAL_RCC_GetSysClockFreq)
    HAL_RCC_OscConfig                        0x08001b7d   Thumb Code   856  stm32f4xx_hal_rcc.o(i.HAL_RCC_OscConfig)
    HAL_SPI_GetState                         0x08001ee9   Thumb Code     6  stm32f4xx_hal_spi.o(i.HAL_SPI_GetState)
    HAL_SPI_Init                             0x08001eef   Thumb Code   188  stm32f4xx_hal_spi.o(i.HAL_SPI_Init)
    HAL_SPI_MspInit                          0x08001fad   Thumb Code   184  spi.o(i.HAL_SPI_MspInit)
    HAL_SPI_Receive                          0x08002079   Thumb Code   346  stm32f4xx_hal_spi.o(i.HAL_SPI_Receive)
    HAL_SPI_Transmit                         0x080021d3   Thumb Code   358  stm32f4xx_hal_spi.o(i.HAL_SPI_Transmit)
    HAL_SPI_TransmitReceive                  0x08002339   Thumb Code   482  stm32f4xx_hal_spi.o(i.HAL_SPI_TransmitReceive)
    HAL_SYSTICK_Config                       0x0800251b   Thumb Code    40  stm32f4xx_hal_cortex.o(i.HAL_SYSTICK_Config)
    HAL_TIMEx_BreakCallback                  0x08002543   Thumb Code     2  stm32f4xx_hal_tim_ex.o(i.HAL_TIMEx_BreakCallback)
    HAL_TIMEx_CommutCallback                 0x08002545   Thumb Code     2  stm32f4xx_hal_tim_ex.o(i.HAL_TIMEx_CommutCallback)
    HAL_TIMEx_MasterConfigSynchronization    0x08002549   Thumb Code   116  stm32f4xx_hal_tim_ex.o(i.HAL_TIMEx_MasterConfigSynchronization)
    HAL_TIM_Base_Init                        0x080025d9   Thumb Code    90  stm32f4xx_hal_tim.o(i.HAL_TIM_Base_Init)
    HAL_TIM_Base_MspInit                     0x08002635   Thumb Code    72  tim.o(i.HAL_TIM_Base_MspInit)
    HAL_TIM_Base_Start_IT                    0x08002685   Thumb Code   100  stm32f4xx_hal_tim.o(i.HAL_TIM_Base_Start_IT)
    HAL_TIM_ConfigClockSource                0x08002705   Thumb Code   220  stm32f4xx_hal_tim.o(i.HAL_TIM_ConfigClockSource)
    HAL_TIM_IC_CaptureCallback               0x080027e1   Thumb Code     2  stm32f4xx_hal_tim.o(i.HAL_TIM_IC_CaptureCallback)
    HAL_TIM_IRQHandler                       0x080027e3   Thumb Code   358  stm32f4xx_hal_tim.o(i.HAL_TIM_IRQHandler)
    HAL_TIM_MspPostInit                      0x08002949   Thumb Code    70  tim.o(i.HAL_TIM_MspPostInit)
    HAL_TIM_OC_DelayElapsedCallback          0x08002999   Thumb Code     2  stm32f4xx_hal_tim.o(i.HAL_TIM_OC_DelayElapsedCallback)
    HAL_TIM_PWM_ConfigChannel                0x0800299b   Thumb Code   204  stm32f4xx_hal_tim.o(i.HAL_TIM_PWM_ConfigChannel)
    HAL_TIM_PWM_Init                         0x08002a67   Thumb Code    90  stm32f4xx_hal_tim.o(i.HAL_TIM_PWM_Init)
    HAL_TIM_PWM_MspInit                      0x08002ac1   Thumb Code     2  stm32f4xx_hal_tim.o(i.HAL_TIM_PWM_MspInit)
    HAL_TIM_PWM_PulseFinishedCallback        0x08002ac3   Thumb Code     2  stm32f4xx_hal_tim.o(i.HAL_TIM_PWM_PulseFinishedCallback)
    HAL_TIM_PWM_Start                        0x08002ac5   Thumb Code   172  stm32f4xx_hal_tim.o(i.HAL_TIM_PWM_Start)
    HAL_TIM_PeriodElapsedCallback            0x08002b8d   Thumb Code    64  param&init.o(i.HAL_TIM_PeriodElapsedCallback)
    HAL_TIM_TriggerCallback                  0x08002bd5   Thumb Code     2  stm32f4xx_hal_tim.o(i.HAL_TIM_TriggerCallback)
    HAL_UART_Init                            0x08002bd7   Thumb Code    98  stm32f4xx_hal_uart.o(i.HAL_UART_Init)
    HAL_UART_MspInit                         0x08002c39   Thumb Code   144  usart.o(i.HAL_UART_MspInit)
    HAL_UART_Transmit                        0x08002cdd   Thumb Code   178  stm32f4xx_hal_uart.o(i.HAL_UART_Transmit)
    HardFault_Handler                        0x08002d8f   Thumb Code     2  stm32f4xx_it.o(i.HardFault_Handler)
    MX_DMA_Init                              0x08002d91   Thumb Code    40  dma.o(i.MX_DMA_Init)
    MX_GPIO_Init                             0x08002dbd   Thumb Code   164  gpio.o(i.MX_GPIO_Init)
    MX_SPI1_Init                             0x08002e6d   Thumb Code    62  spi.o(i.MX_SPI1_Init)
    MX_SPI2_Init                             0x08002eb5   Thumb Code    62  spi.o(i.MX_SPI2_Init)
    MX_TIM2_Init                             0x08002efd   Thumb Code   196  tim.o(i.MX_TIM2_Init)
    MX_TIM3_Init                             0x08002fc5   Thumb Code    96  tim.o(i.MX_TIM3_Init)
    MX_USART1_UART_Init                      0x0800302d   Thumb Code    48  usart.o(i.MX_USART1_UART_Init)
    MemManage_Handler                        0x08003065   Thumb Code     2  stm32f4xx_it.o(i.MemManage_Handler)
    MotorControl                             0x08003069   Thumb Code   680  control.o(i.MotorControl)
    Motor_Unlock                             0x08003349   Thumb Code    44  esc.o(i.Motor_Unlock)
    NMI_Handler                              0x08003379   Thumb Code     2  stm32f4xx_it.o(i.NMI_Handler)
    NRF24L01_Check                           0x0800337d   Thumb Code    62  nrf24l01.o(i.NRF24L01_Check)
    NRF24L01_RX_Mode                         0x080033c5   Thumb Code    86  nrf24l01.o(i.NRF24L01_RX_Mode)
    NRF24L01_Read_Buf                        0x08003425   Thumb Code    70  nrf24l01.o(i.NRF24L01_Read_Buf)
    NRF24L01_Read_Reg                        0x08003475   Thumb Code    44  nrf24l01.o(i.NRF24L01_Read_Reg)
    NRF24L01_RxPacket                        0x080034a5   Thumb Code    50  nrf24l01.o(i.NRF24L01_RxPacket)
    NRF24L01_Write_Buf                       0x080034d9   Thumb Code    64  nrf24l01.o(i.NRF24L01_Write_Buf)
    NRF24L01_Write_Reg                       0x08003521   Thumb Code    46  nrf24l01.o(i.NRF24L01_Write_Reg)
    NRF24L01_init                            0x08003555   Thumb Code    32  nrf24l01.o(i.NRF24L01_init)
    PendSV_Handler                           0x08003585   Thumb Code     2  stm32f4xx_it.o(i.PendSV_Handler)
    Q_rsqrt                                  0x08003589   Thumb Code    56  mymath.o(i.Q_rsqrt)
    RC_Analy                                 0x080035c5   Thumb Code   238  nrf24l01.o(i.RC_Analy)
    SPI1_ReadWriteByte                       0x080036bd   Thumb Code    28  nrf24l01.o(i.SPI1_ReadWriteByte)
    SVC_Handler                              0x08003849   Thumb Code     2  stm32f4xx_it.o(i.SVC_Handler)
    SysTick_Handler                          0x0800384b   Thumb Code     4  stm32f4xx_it.o(i.SysTick_Handler)
    SystemClock_Config                       0x08003851   Thumb Code   138  main.o(i.SystemClock_Config)
    SystemInit                               0x080038e5   Thumb Code    12  system_stm32f4xx.o(i.SystemInit)
    TIM3_IRQHandler                          0x080038f5   Thumb Code     6  stm32f4xx_it.o(i.TIM3_IRQHandler)
    TIM_Base_SetConfig                       0x08003901   Thumb Code   156  stm32f4xx_hal_tim.o(i.TIM_Base_SetConfig)
    TIM_CCxChannelCmd                        0x080039c9   Thumb Code    26  stm32f4xx_hal_tim.o(i.TIM_CCxChannelCmd)
    TIM_ETR_SetConfig                        0x080039e3   Thumb Code    20  stm32f4xx_hal_tim.o(i.TIM_ETR_SetConfig)
    TIM_OC2_SetConfig                        0x08003a69   Thumb Code    98  stm32f4xx_hal_tim.o(i.TIM_OC2_SetConfig)
    UsageFault_Handler                       0x08003d59   Thumb Code     2  stm32f4xx_it.o(i.UsageFault_Handler)
    __0printf$3                              0x08003d5d   Thumb Code    22  printf3.o(i.__0printf$3)
    __1printf$3                              0x08003d5d   Thumb Code     0  printf3.o(i.__0printf$3)
    __2printf                                0x08003d5d   Thumb Code     0  printf3.o(i.__0printf$3)
    __scatterload_copy                       0x08003d9d   Thumb Code    14  handlers.o(i.__scatterload_copy)
    __scatterload_null                       0x08003dab   Thumb Code     2  handlers.o(i.__scatterload_null)
    __scatterload_zeroinit                   0x08003dad   Thumb Code    14  handlers.o(i.__scatterload_zeroinit)
    atan2_approx                             0x08003f75   Thumb Code   232  mymath.o(i.atan2_approx)
    bmi088_init                              0x08004085   Thumb Code    24  bmi088.o(i.bmi088_init)
    bmi08a_get_data                          0x0800409d   Thumb Code   120  bmi08a.o(i.bmi08a_get_data)
    bmi08a_init                              0x08004121   Thumb Code    80  bmi08a.o(i.bmi08a_init)
    bmi08a_set_meas_conf                     0x08004171   Thumb Code   136  bmi08a.o(i.bmi08a_set_meas_conf)
    bmi08a_set_power_mode                    0x080041f9   Thumb Code    92  bmi08a.o(i.bmi08a_set_power_mode)
    bmi08a_soft_reset                        0x08004255   Thumb Code    64  bmi08a.o(i.bmi08a_soft_reset)
    bmi08g_get_data                          0x08004295   Thumb Code   104  bmi08g.o(i.bmi08g_get_data)
    bmi08g_init                              0x08004305   Thumb Code    50  bmi08g.o(i.bmi08g_init)
    bmi08g_set_meas_conf                     0x08004337   Thumb Code   138  bmi08g.o(i.bmi08g_set_meas_conf)
    bmi08g_set_power_mode                    0x080043c1   Thumb Code    98  bmi08g.o(i.bmi08g_set_power_mode)
    bmi08g_soft_reset                        0x08004423   Thumb Code    44  bmi08g.o(i.bmi08g_soft_reset)
    example_anto_send                        0x0800444f   Thumb Code    48  antotc.o(i.example_anto_send)
    fast_sin                                 0x08004481   Thumb Code   304  mymath.o(i.fast_sin)
    filter                                   0x080045f1   Thumb Code   128  imu.o(i.filter)
    fputc                                    0x0800467d   Thumb Code    20  param&init.o(i.fputc)
    free                                     0x08004695   Thumb Code    76  malloc.o(i.free)
    imu_land_set                             0x08004769   Thumb Code   152  imu.o(i.imu_land_set)
    imu_rest                                 0x08004821   Thumb Code    52  imu.o(i.imu_rest)
    kalman_1                                 0x08004865   Thumb Code    66  kalman.o(i.kalman_1)
    main                                     0x080048a9   Thumb Code    74  main.o(i.main)
    malloc                                   0x080048fd   Thumb Code    92  malloc.o(i.malloc)
    pidRest                                  0x08004999   Thumb Code    22  pid.o(i.pidRest)
    pidUpdate                                0x080049b5   Thumb Code   162  pid.o(i.pidUpdate)
    pid_param_Init                           0x08004a71   Thumb Code    94  param&init.o(i.pid_param_Init)
    stm32_spi_read                           0x08004b45   Thumb Code    76  bmi088.o(i.stm32_spi_read)
    stm32_spi_write                          0x08004b99   Thumb Code    96  bmi088.o(i.stm32_spi_write)
    AHBPrescTable                            0x08004c08   Data          16  system_stm32f4xx.o(.constdata)
    APBPrescTable                            0x08004c18   Data           8  system_stm32f4xx.o(.constdata)
    RX_ADDRESS                               0x08004c20   Data           5  nrf24l01.o(.constdata)
    Gyro_G                                   0x08004c28   Data           4  mymath.o(.constdata)
    Gyro_Gr                                  0x08004c2c   Data           4  mymath.o(.constdata)
    Region$$Table$$Base                      0x08004c30   Number         0  anon$$obj.o(Region$$Table)
    Region$$Table$$Limit                     0x08004c50   Number         0  anon$$obj.o(Region$$Table)
    uwTickFreq                               0x20000000   Data           1  stm32f4xx_hal.o(.data)
    uwTickPrio                               0x20000004   Data           4  stm32f4xx_hal.o(.data)
    uwTick                                   0x20000008   Data           4  stm32f4xx_hal.o(.data)
    SystemCoreClock                          0x2000000c   Data           4  system_stm32f4xx.o(.data)
    BMI088_ACC_O                             0x20000010   Data           6  param&init.o(.data)
    BMI088_GYRO_O                            0x20000016   Data           6  param&init.o(.data)
    dev                                      0x2000001c   Data          36  param&init.o(.data)
    NumQ                                     0x20000040   Data          16  param&init.o(.data)
    ekf                                      0x20000050   Data         144  param&init.o(.data)
    KpDef                                    0x200000e0   Data           4  param&init.o(.data)
    KiDef                                    0x200000e4   Data           4  param&init.o(.data)
    motor_PWM_Value                          0x200000e8   Data           8  param&init.o(.data)
    __stdin                                  0x200000f0   Data           4  stdin.o(.data)
    __stdout                                 0x200000f4   Data           4  stdout.o(.data)
    __microlib_freelist                      0x200000f8   Data           4  mvars.o(.data)
    __microlib_freelist_initialised          0x200000fc   Data           4  mvars.o(.data)
    hspi1                                    0x20000100   Data          88  spi.o(.bss)
    hspi2                                    0x20000158   Data          88  spi.o(.bss)
    htim2                                    0x200001b0   Data          72  tim.o(.bss)
    htim3                                    0x200001f8   Data          72  tim.o(.bss)
    huart1                                   0x20000240   Data          68  usart.o(.bss)
    hdma_usart1_tx                           0x20000284   Data          96  usart.o(.bss)
    RC_rxData                                0x200002e4   Data          32  nrf24l01.o(.bss)
    BMI088_ACC_F_FIX                         0x20000304   Data          12  param&init.o(.bss)
    BMI088_GYRO_F_FIX                        0x20000310   Data          12  param&init.o(.bss)
    Angle                                    0x2000031c   Data          12  param&init.o(.bss)
    Remote                                   0x20000328   Data          16  param&init.o(.bss)
    BMI088_ACC_F                             0x20000338   Data          12  param&init.o(.bss)
    BMI088_GYRO_F                            0x20000344   Data          12  param&init.o(.bss)
    GyroIntegError                           0x20000350   Data          12  imu.o(.bss)
    pidRateX                                 0x2000035c   Data          52  pid.o(.bss)
    pidRateY                                 0x20000390   Data          52  pid.o(.bss)
    pidRateZ                                 0x200003c4   Data          52  pid.o(.bss)
    pidPitch                                 0x200003f8   Data          52  pid.o(.bss)
    pidRoll                                  0x2000042c   Data          52  pid.o(.bss)
    pidYaw                                   0x20000460   Data          52  pid.o(.bss)
    __heap_base                              0x20000498   Data           0  startup_stm32f407xx.o(HEAP)
    __heap_limit                             0x20000698   Data           0  startup_stm32f407xx.o(HEAP)
    __initial_sp                             0x20000a98   Data           0  startup_stm32f407xx.o(STACK)



==============================================================================

Memory Map of the image

  Image Entry point : 0x08000189

  Load Region LR_IROM1 (Base: 0x08000000, Size: 0x00004d50, Max: 0x00080000, ABSOLUTE)

    Execution Region ER_IROM1 (Base: 0x08000000, Size: 0x00004c50, Max: 0x00080000, ABSOLUTE)

    Base Addr    Size         Type   Attr      Idx    E Section Name        Object

    0x08000000   0x00000188   Data   RO            3    RESET               startup_stm32f407xx.o
    0x08000188   0x00000000   Code   RO         4251  * .ARM.Collect$$$$00000000  mc_w.l(entry.o)
    0x08000188   0x00000004   Code   RO         4567    .ARM.Collect$$$$00000001  mc_w.l(entry2.o)
    0x0800018c   0x00000004   Code   RO         4570    .ARM.Collect$$$$00000004  mc_w.l(entry5.o)
    0x08000190   0x00000000   Code   RO         4572    .ARM.Collect$$$$00000008  mc_w.l(entry7b.o)
    0x08000190   0x00000000   Code   RO         4574    .ARM.Collect$$$$0000000A  mc_w.l(entry8b.o)
    0x08000190   0x00000008   Code   RO         4575    .ARM.Collect$$$$0000000B  mc_w.l(entry9a.o)
    0x08000198   0x00000000   Code   RO         4577    .ARM.Collect$$$$0000000D  mc_w.l(entry10a.o)
    0x08000198   0x00000000   Code   RO         4579    .ARM.Collect$$$$0000000F  mc_w.l(entry11a.o)
    0x08000198   0x00000004   Code   RO         4568    .ARM.Collect$$$$00002712  mc_w.l(entry2.o)
    0x0800019c   0x00000024   Code   RO            4    .text               startup_stm32f407xx.o
    0x080001c0   0x00000062   Code   RO         4258    .text               mc_w.l(uldiv.o)
    0x08000222   0x00000024   Code   RO         4260    .text               mc_w.l(memseta.o)
    0x08000246   0x0000014e   Code   RO         4551    .text               mf_w.l(dadd.o)
    0x08000394   0x000000e4   Code   RO         4553    .text               mf_w.l(dmul.o)
    0x08000478   0x000000de   Code   RO         4555    .text               mf_w.l(ddiv.o)
    0x08000556   0x0000003e   Code   RO         4557    .text               mf_w.l(dfixi.o)
    0x08000594   0x00000026   Code   RO         4559    .text               mf_w.l(f2d.o)
    0x080005ba   0x00000002   PAD
    0x080005bc   0x00000030   Code   RO         4561    .text               mf_w.l(cdcmple.o)
    0x080005ec   0x00000030   Code   RO         4563    .text               mf_w.l(cdrcmple.o)
    0x0800061c   0x00000038   Code   RO         4565    .text               mf_w.l(d2f.o)
    0x08000654   0x0000002c   Code   RO         4581    .text               mc_w.l(uidiv.o)
    0x08000680   0x0000001e   Code   RO         4583    .text               mc_w.l(llshl.o)
    0x0800069e   0x00000020   Code   RO         4585    .text               mc_w.l(llushr.o)
    0x080006be   0x00000024   Code   RO         4587    .text               mc_w.l(llsshr.o)
    0x080006e2   0x00000000   Code   RO         4595    .text               mc_w.l(iusefp.o)
    0x080006e2   0x0000006e   Code   RO         4596    .text               mf_w.l(fepilogue.o)
    0x08000750   0x000000ba   Code   RO         4598    .text               mf_w.l(depilogue.o)
    0x0800080a   0x00000002   PAD
    0x0800080c   0x00000024   Code   RO         4602    .text               mc_w.l(init.o)
    0x08000830   0x00000030   Code   RO         3903    i.ALL_Init          param&init.o
    0x08000860   0x0000041c   Code   RO         4221    i.ANTO_Send         antotc.o
    0x08000c7c   0x0000005c   Code   RO         3904    i.BMI088_param_set  param&init.o
    0x08000cd8   0x00000002   Code   RO          413    i.BusFault_Handler  stm32f4xx_it.o
    0x08000cda   0x00000002   PAD
    0x08000cdc   0x0000000c   Code   RO          414    i.DMA2_Stream7_IRQHandler  stm32f4xx_it.o
    0x08000ce8   0x00000028   Code   RO         1306    i.DMA_CalcBaseAndBitshift  stm32f4xx_hal_dma.o
    0x08000d10   0x00000054   Code   RO         1307    i.DMA_CheckFifoParam  stm32f4xx_hal_dma.o
    0x08000d64   0x00000002   Code   RO          415    i.DebugMon_Handler  stm32f4xx_it.o
    0x08000d66   0x00000002   PAD
    0x08000d68   0x00000040   Code   RO         3843    i.ESC_init          esc.o
    0x08000da8   0x00000004   Code   RO           13    i.Error_Handler     main.o
    0x08000dac   0x0000017c   Code   RO         4185    i.FlightPidControl  control.o
    0x08000f28   0x000004ac   Code   RO         3982    i.GetAngle          imu.o
    0x080013d4   0x000001a0   Code   RO         1314    i.HAL_DMA_IRQHandler  stm32f4xx_hal_dma.o
    0x08001574   0x000000d4   Code   RO         1315    i.HAL_DMA_Init      stm32f4xx_hal_dma.o
    0x08001648   0x00000024   Code   RO         1728    i.HAL_Delay         stm32f4xx_hal.o
    0x0800166c   0x000001f0   Code   RO         1202    i.HAL_GPIO_Init     stm32f4xx_hal_gpio.o
    0x0800185c   0x0000000a   Code   RO         1206    i.HAL_GPIO_WritePin  stm32f4xx_hal_gpio.o
    0x08001866   0x00000002   PAD
    0x08001868   0x0000000c   Code   RO         1734    i.HAL_GetTick       stm32f4xx_hal.o
    0x08001874   0x00000010   Code   RO         1740    i.HAL_IncTick       stm32f4xx_hal.o
    0x08001884   0x00000034   Code   RO         1741    i.HAL_Init          stm32f4xx_hal.o
    0x080018b8   0x00000040   Code   RO         1742    i.HAL_InitTick      stm32f4xx_hal.o
    0x080018f8   0x00000030   Code   RO          501    i.HAL_MspInit       stm32f4xx_hal_msp.o
    0x08001928   0x0000001a   Code   RO         1591    i.HAL_NVIC_EnableIRQ  stm32f4xx_hal_cortex.o
    0x08001942   0x00000002   PAD
    0x08001944   0x00000040   Code   RO         1597    i.HAL_NVIC_SetPriority  stm32f4xx_hal_cortex.o
    0x08001984   0x00000024   Code   RO         1598    i.HAL_NVIC_SetPriorityGrouping  stm32f4xx_hal_cortex.o
    0x080019a8   0x00000134   Code   RO          848    i.HAL_RCC_ClockConfig  stm32f4xx_hal_rcc.o
    0x08001adc   0x00000020   Code   RO          855    i.HAL_RCC_GetPCLK1Freq  stm32f4xx_hal_rcc.o
    0x08001afc   0x00000020   Code   RO          856    i.HAL_RCC_GetPCLK2Freq  stm32f4xx_hal_rcc.o
    0x08001b1c   0x00000060   Code   RO          857    i.HAL_RCC_GetSysClockFreq  stm32f4xx_hal_rcc.o
    0x08001b7c   0x0000036c   Code   RO          860    i.HAL_RCC_OscConfig  stm32f4xx_hal_rcc.o
    0x08001ee8   0x00000006   Code   RO          534    i.HAL_SPI_GetState  stm32f4xx_hal_spi.o
    0x08001eee   0x000000bc   Code   RO          536    i.HAL_SPI_Init      stm32f4xx_hal_spi.o
    0x08001faa   0x00000002   PAD
    0x08001fac   0x000000cc   Code   RO          270    i.HAL_SPI_MspInit   spi.o
    0x08002078   0x0000015a   Code   RO          539    i.HAL_SPI_Receive   stm32f4xx_hal_spi.o
    0x080021d2   0x00000166   Code   RO          544    i.HAL_SPI_Transmit  stm32f4xx_hal_spi.o
    0x08002338   0x000001e2   Code   RO          545    i.HAL_SPI_TransmitReceive  stm32f4xx_hal_spi.o
    0x0800251a   0x00000028   Code   RO         1602    i.HAL_SYSTICK_Config  stm32f4xx_hal_cortex.o
    0x08002542   0x00000002   Code   RO         2685    i.HAL_TIMEx_BreakCallback  stm32f4xx_hal_tim_ex.o
    0x08002544   0x00000002   Code   RO         2686    i.HAL_TIMEx_CommutCallback  stm32f4xx_hal_tim_ex.o
    0x08002546   0x00000002   PAD
    0x08002548   0x00000090   Code   RO         2704    i.HAL_TIMEx_MasterConfigSynchronization  stm32f4xx_hal_tim_ex.o
    0x080025d8   0x0000005a   Code   RO         1981    i.HAL_TIM_Base_Init  stm32f4xx_hal_tim.o
    0x08002632   0x00000002   PAD
    0x08002634   0x00000050   Code   RO          318    i.HAL_TIM_Base_MspInit  tim.o
    0x08002684   0x00000080   Code   RO         1986    i.HAL_TIM_Base_Start_IT  stm32f4xx_hal_tim.o
    0x08002704   0x000000dc   Code   RO         1990    i.HAL_TIM_ConfigClockSource  stm32f4xx_hal_tim.o
    0x080027e0   0x00000002   Code   RO         2015    i.HAL_TIM_IC_CaptureCallback  stm32f4xx_hal_tim.o
    0x080027e2   0x00000166   Code   RO         2029    i.HAL_TIM_IRQHandler  stm32f4xx_hal_tim.o
    0x08002948   0x00000050   Code   RO          319    i.HAL_TIM_MspPostInit  tim.o
    0x08002998   0x00000002   Code   RO         2032    i.HAL_TIM_OC_DelayElapsedCallback  stm32f4xx_hal_tim.o
    0x0800299a   0x000000cc   Code   RO         2053    i.HAL_TIM_PWM_ConfigChannel  stm32f4xx_hal_tim.o
    0x08002a66   0x0000005a   Code   RO         2056    i.HAL_TIM_PWM_Init  stm32f4xx_hal_tim.o
    0x08002ac0   0x00000002   Code   RO         2058    i.HAL_TIM_PWM_MspInit  stm32f4xx_hal_tim.o
    0x08002ac2   0x00000002   Code   RO         2059    i.HAL_TIM_PWM_PulseFinishedCallback  stm32f4xx_hal_tim.o
    0x08002ac4   0x000000c8   Code   RO         2061    i.HAL_TIM_PWM_Start  stm32f4xx_hal_tim.o
    0x08002b8c   0x00000048   Code   RO         3905    i.HAL_TIM_PeriodElapsedCallback  param&init.o
    0x08002bd4   0x00000002   Code   RO         2072    i.HAL_TIM_TriggerCallback  stm32f4xx_hal_tim.o
    0x08002bd6   0x00000062   Code   RO         2981    i.HAL_UART_Init     stm32f4xx_hal_uart.o
    0x08002c38   0x000000a4   Code   RO          372    i.HAL_UART_MspInit  usart.o
    0x08002cdc   0x000000b2   Code   RO         2989    i.HAL_UART_Transmit  stm32f4xx_hal_uart.o
    0x08002d8e   0x00000002   Code   RO          416    i.HardFault_Handler  stm32f4xx_it.o
    0x08002d90   0x0000002c   Code   RO          245    i.MX_DMA_Init       dma.o
    0x08002dbc   0x000000b0   Code   RO          221    i.MX_GPIO_Init      gpio.o
    0x08002e6c   0x00000048   Code   RO          271    i.MX_SPI1_Init      spi.o
    0x08002eb4   0x00000048   Code   RO          272    i.MX_SPI2_Init      spi.o
    0x08002efc   0x000000c8   Code   RO          320    i.MX_TIM2_Init      tim.o
    0x08002fc4   0x00000068   Code   RO          321    i.MX_TIM3_Init      tim.o
    0x0800302c   0x00000038   Code   RO          373    i.MX_USART1_UART_Init  usart.o
    0x08003064   0x00000002   Code   RO          417    i.MemManage_Handler  stm32f4xx_it.o
    0x08003066   0x00000002   PAD
    0x08003068   0x000002e0   Code   RO         4186    i.MotorControl      control.o
    0x08003348   0x00000030   Code   RO         3845    i.Motor_Unlock      esc.o
    0x08003378   0x00000002   Code   RO          418    i.NMI_Handler       stm32f4xx_it.o
    0x0800337a   0x00000002   PAD
    0x0800337c   0x00000048   Code   RO         3755    i.NRF24L01_Check    nrf24l01.o
    0x080033c4   0x00000060   Code   RO         3756    i.NRF24L01_RX_Mode  nrf24l01.o
    0x08003424   0x00000050   Code   RO         3757    i.NRF24L01_Read_Buf  nrf24l01.o
    0x08003474   0x00000030   Code   RO         3758    i.NRF24L01_Read_Reg  nrf24l01.o
    0x080034a4   0x00000032   Code   RO         3759    i.NRF24L01_RxPacket  nrf24l01.o
    0x080034d6   0x00000002   PAD
    0x080034d8   0x00000048   Code   RO         3760    i.NRF24L01_Write_Buf  nrf24l01.o
    0x08003520   0x00000034   Code   RO         3761    i.NRF24L01_Write_Reg  nrf24l01.o
    0x08003554   0x00000030   Code   RO         3762    i.NRF24L01_init     nrf24l01.o
    0x08003584   0x00000002   Code   RO          419    i.PendSV_Handler    stm32f4xx_it.o
    0x08003586   0x00000002   PAD
    0x08003588   0x0000003c   Code   RO         4034    i.Q_rsqrt           mymath.o
    0x080035c4   0x000000f8   Code   RO         3763    i.RC_Analy          nrf24l01.o
    0x080036bc   0x00000020   Code   RO         3764    i.SPI1_ReadWriteByte  nrf24l01.o
    0x080036dc   0x0000005c   Code   RO          573    i.SPI_EndRxTransaction  stm32f4xx_hal_spi.o
    0x08003738   0x00000058   Code   RO          574    i.SPI_EndRxTxTransaction  stm32f4xx_hal_spi.o
    0x08003790   0x000000b8   Code   RO          579    i.SPI_WaitFlagStateUntilTimeout  stm32f4xx_hal_spi.o
    0x08003848   0x00000002   Code   RO          420    i.SVC_Handler       stm32f4xx_it.o
    0x0800384a   0x00000004   Code   RO          421    i.SysTick_Handler   stm32f4xx_it.o
    0x0800384e   0x00000002   PAD
    0x08003850   0x00000094   Code   RO           14    i.SystemClock_Config  main.o
    0x080038e4   0x00000010   Code   RO         3310    i.SystemInit        system_stm32f4xx.o
    0x080038f4   0x0000000c   Code   RO          422    i.TIM3_IRQHandler   stm32f4xx_it.o
    0x08003900   0x000000c8   Code   RO         2074    i.TIM_Base_SetConfig  stm32f4xx_hal_tim.o
    0x080039c8   0x0000001a   Code   RO         2075    i.TIM_CCxChannelCmd  stm32f4xx_hal_tim.o
    0x080039e2   0x00000014   Code   RO         2085    i.TIM_ETR_SetConfig  stm32f4xx_hal_tim.o
    0x080039f6   0x00000010   Code   RO         2086    i.TIM_ITRx_SetConfig  stm32f4xx_hal_tim.o
    0x08003a06   0x00000002   PAD
    0x08003a08   0x00000060   Code   RO         2087    i.TIM_OC1_SetConfig  stm32f4xx_hal_tim.o
    0x08003a68   0x0000006c   Code   RO         2088    i.TIM_OC2_SetConfig  stm32f4xx_hal_tim.o
    0x08003ad4   0x00000068   Code   RO         2089    i.TIM_OC3_SetConfig  stm32f4xx_hal_tim.o
    0x08003b3c   0x00000050   Code   RO         2090    i.TIM_OC4_SetConfig  stm32f4xx_hal_tim.o
    0x08003b8c   0x00000022   Code   RO         2092    i.TIM_TI1_ConfigInputStage  stm32f4xx_hal_tim.o
    0x08003bae   0x00000024   Code   RO         2094    i.TIM_TI2_ConfigInputStage  stm32f4xx_hal_tim.o
    0x08003bd2   0x00000002   PAD
    0x08003bd4   0x0000010c   Code   RO         3007    i.UART_SetConfig    stm32f4xx_hal_uart.o
    0x08003ce0   0x00000078   Code   RO         3010    i.UART_WaitOnFlagUntilTimeout  stm32f4xx_hal_uart.o
    0x08003d58   0x00000002   Code   RO          423    i.UsageFault_Handler  stm32f4xx_it.o
    0x08003d5a   0x00000002   PAD
    0x08003d5c   0x00000020   Code   RO         4351    i.__0printf$3       mc_w.l(printf3.o)
    0x08003d7c   0x00000020   Code   RO         1604    i.__NVIC_SetPriority  stm32f4xx_hal_cortex.o
    0x08003d9c   0x0000000e   Code   RO         4606    i.__scatterload_copy  mc_w.l(handlers.o)
    0x08003daa   0x00000002   Code   RO         4607    i.__scatterload_null  mc_w.l(handlers.o)
    0x08003dac   0x0000000e   Code   RO         4608    i.__scatterload_zeroinit  mc_w.l(handlers.o)
    0x08003dba   0x00000002   PAD
    0x08003dbc   0x000001b8   Code   RO         4358    i._printf_core      mc_w.l(printf3.o)
    0x08003f74   0x00000110   Code   RO         4035    i.atan2_approx      mymath.o
    0x08004084   0x00000018   Code   RO         3681    i.bmi088_init       bmi088.o
    0x0800409c   0x00000084   Code   RO         3348    i.bmi08a_get_data   bmi08a.o
    0x08004120   0x00000050   Code   RO         3360    i.bmi08a_init       bmi08a.o
    0x08004170   0x00000088   Code   RO         3367    i.bmi08a_set_meas_conf  bmi08a.o
    0x080041f8   0x0000005c   Code   RO         3368    i.bmi08a_set_power_mode  bmi08a.o
    0x08004254   0x00000040   Code   RO         3370    i.bmi08a_soft_reset  bmi08a.o
    0x08004294   0x00000070   Code   RO         3573    i.bmi08g_get_data   bmi08g.o
    0x08004304   0x00000032   Code   RO         3577    i.bmi08g_init       bmi08g.o
    0x08004336   0x0000008a   Code   RO         3580    i.bmi08g_set_meas_conf  bmi08g.o
    0x080043c0   0x00000062   Code   RO         3581    i.bmi08g_set_power_mode  bmi08g.o
    0x08004422   0x0000002c   Code   RO         3583    i.bmi08g_soft_reset  bmi08g.o
    0x0800444e   0x00000030   Code   RO         4222    i.example_anto_send  antotc.o
    0x0800447e   0x00000002   PAD
    0x08004480   0x00000170   Code   RO         4037    i.fast_sin          mymath.o
    0x080045f0   0x0000008c   Code   RO         3983    i.filter            imu.o
    0x0800467c   0x00000018   Code   RO         3907    i.fputc             param&init.o
    0x08004694   0x00000050   Code   RO         4523    i.free              mc_w.l(malloc.o)
    0x080046e4   0x00000060   Code   RO         3374    i.get_regs          bmi08a.o
    0x08004744   0x00000024   Code   RO         3584    i.get_regs          bmi08g.o
    0x08004768   0x000000b8   Code   RO         3984    i.imu_land_set      imu.o
    0x08004820   0x00000044   Code   RO         3985    i.imu_rest          imu.o
    0x08004864   0x00000042   Code   RO         4107    i.kalman_1          kalman.o
    0x080048a6   0x00000002   PAD
    0x080048a8   0x00000054   Code   RO           15    i.main              main.o
    0x080048fc   0x0000006c   Code   RO         4524    i.malloc            mc_w.l(malloc.o)
    0x08004968   0x00000018   Code   RO         3376    i.null_ptr_check    bmi08a.o
    0x08004980   0x00000018   Code   RO         3585    i.null_ptr_check    bmi08g.o
    0x08004998   0x0000001c   Code   RO         4139    i.pidRest           pid.o
    0x080049b4   0x000000bc   Code   RO         4140    i.pidUpdate         pid.o
    0x08004a70   0x0000008c   Code   RO         3908    i.pid_param_Init    param&init.o
    0x08004afc   0x00000024   Code   RO         3378    i.set_regs          bmi08a.o
    0x08004b20   0x00000024   Code   RO         3587    i.set_regs          bmi08g.o
    0x08004b44   0x00000054   Code   RO         3684    i.stm32_spi_read    bmi088.o
    0x08004b98   0x00000068   Code   RO         3685    i.stm32_spi_write   bmi088.o
    0x08004c00   0x00000008   Data   RO         1321    .constdata          stm32f4xx_hal_dma.o
    0x08004c08   0x00000010   Data   RO         3311    .constdata          system_stm32f4xx.o
    0x08004c18   0x00000008   Data   RO         3312    .constdata          system_stm32f4xx.o
    0x08004c20   0x00000005   Data   RO         3767    .constdata          nrf24l01.o
    0x08004c25   0x00000003   PAD
    0x08004c28   0x00000004   Data   RO         4041    .constdata          mymath.o
    0x08004c2c   0x00000004   Data   RO         4042    .constdata          mymath.o
    0x08004c30   0x00000020   Data   RO         4604    Region$$Table       anon$$obj.o


    Execution Region RW_IRAM1 (Base: 0x20000000, Size: 0x00000a98, Max: 0x0001c000, ABSOLUTE)

    Base Addr    Size         Type   Attr      Idx    E Section Name        Object

    0x20000000   0x0000000c   Data   RW         1748    .data               stm32f4xx_hal.o
    0x2000000c   0x00000004   Data   RW         3313    .data               system_stm32f4xx.o
    0x20000010   0x00000030   Data   RW         3915    .data               param&init.o
    0x20000040   0x00000010   Data   RW         3916    .data               param&init.o
    0x20000050   0x00000090   Data   RW         3917    .data               param&init.o
    0x200000e0   0x00000004   Data   RW         3918    .data               param&init.o
    0x200000e4   0x00000004   Data   RW         3919    .data               param&init.o
    0x200000e8   0x00000008   Data   RW         3922    .data               param&init.o
    0x200000f0   0x00000004   Data   RW         4256    .data               mc_w.l(stdin.o)
    0x200000f4   0x00000004   Data   RW         4257    .data               mc_w.l(stdout.o)
    0x200000f8   0x00000004   Data   RW         4593    .data               mc_w.l(mvars.o)
    0x200000fc   0x00000004   Data   RW         4594    .data               mc_w.l(mvars.o)
    0x20000100   0x000000b0   Zero   RW          273    .bss                spi.o
    0x200001b0   0x00000090   Zero   RW          322    .bss                tim.o
    0x20000240   0x000000a4   Zero   RW          374    .bss                usart.o
    0x200002e4   0x00000020   Zero   RW         3765    .bss                nrf24l01.o
    0x20000304   0x0000000c   Zero   RW         3909    .bss                param&init.o
    0x20000310   0x0000000c   Zero   RW         3910    .bss                param&init.o
    0x2000031c   0x0000000c   Zero   RW         3911    .bss                param&init.o
    0x20000328   0x00000010   Zero   RW         3912    .bss                param&init.o
    0x20000338   0x0000000c   Zero   RW         3913    .bss                param&init.o
    0x20000344   0x0000000c   Zero   RW         3914    .bss                param&init.o
    0x20000350   0x0000000c   Zero   RW         3986    .bss                imu.o
    0x2000035c   0x00000034   Zero   RW         4141    .bss                pid.o
    0x20000390   0x00000034   Zero   RW         4142    .bss                pid.o
    0x200003c4   0x00000034   Zero   RW         4143    .bss                pid.o
    0x200003f8   0x00000034   Zero   RW         4144    .bss                pid.o
    0x2000042c   0x00000034   Zero   RW         4145    .bss                pid.o
    0x20000460   0x00000034   Zero   RW         4146    .bss                pid.o
    0x20000494   0x00000004   PAD
    0x20000498   0x00000200   Zero   RW            2    HEAP                startup_stm32f407xx.o
    0x20000698   0x00000400   Zero   RW            1    STACK               startup_stm32f407xx.o


    Execution Region RW_IRAM2 (Base: 0x2001c000, Size: 0x00000000, Max: 0x00004000, ABSOLUTE)

    **** No section assigned to this execution region ****


==============================================================================

Image component sizes


      Code (inc. data)   RO Data    RW Data    ZI Data      Debug   Object Name

      1100         66          0          0          0       2776   antotc.o
       212         16          0          0          0       2422   bmi088.o
       660         12          0          0          0      22793   bmi08a.o
       538          8          0          0          0       5859   bmi08g.o
      1116        118          0          0          0       1718   control.o
        44          4          0          0          0        798   dma.o
       112         18          0          0          0       1042   esc.o
       176         12          0          0          0       1003   gpio.o
      1588        128          0          0         12       3759   imu.o
        66          0          0          0          0       1175   kalman.o
       236         20          0          0          0     702704   main.o
       700        108          8          0          0       2330   mymath.o
       798         78          5          0         32       6884   nrf24l01.o
       376         70          0        224         76       4044   param&init.o
       216         32          0          0        312       2259   pid.o
       348         40          0          0        176       2442   spi.o
        36          8        392          0       1536        848   startup_stm32f407xx.o
       180         28          0         12          0       9425   stm32f4xx_hal.o
       198         14          0          0          0      33659   stm32f4xx_hal_cortex.o
       752         16          8          0          0       3772   stm32f4xx_hal_dma.o
       506         46          0          0          0       2044   stm32f4xx_hal_gpio.o
        48          6          0          0          0        878   stm32f4xx_hal_msp.o
      1344         72          0          0          0       5084   stm32f4xx_hal_rcc.o
      1744         12          0          0          0       7501   stm32f4xx_hal_spi.o
      2020        136          0          0          0      16070   stm32f4xx_hal_tim.o
       148         28          0          0          0       2445   stm32f4xx_hal_tim_ex.o
       664         10          0          0          0       3716   stm32f4xx_hal_uart.o
        44         12          0          0          0       5226   stm32f4xx_it.o
        16          4         24          4          0       1163   system_stm32f4xx.o
       464         30          0          0        144       3173   tim.o
       220         28          0          0        164       1809   usart.o

    ----------------------------------------------------------------------
     16704       1180        472        240       2456     860821   Object Totals
         0          0         32          0          0          0   (incl. Generated)
        34          0          3          0          4          0   (incl. Padding)

    ----------------------------------------------------------------------

      Code (inc. data)   RO Data    RW Data    ZI Data      Debug   Library Member Name

         0          0          0          0          0          0   entry.o
         0          0          0          0          0          0   entry10a.o
         0          0          0          0          0          0   entry11a.o
         8          4          0          0          0          0   entry2.o
         4          0          0          0          0          0   entry5.o
         0          0          0          0          0          0   entry7b.o
         0          0          0          0          0          0   entry8b.o
         8          4          0          0          0          0   entry9a.o
        30          0          0          0          0          0   handlers.o
        36          8          0          0          0         68   init.o
         0          0          0          0          0          0   iusefp.o
        30          0          0          0          0         68   llshl.o
        36          0          0          0          0         68   llsshr.o
        32          0          0          0          0         68   llushr.o
       188         20          0          0          0        160   malloc.o
        36          0          0          0          0        108   memseta.o
         0          0          0          8          0          0   mvars.o
       472         14          0          0          0        184   printf3.o
         0          0          0          4          0          0   stdin.o
         0          0          0          4          0          0   stdout.o
        44          0          0          0          0         80   uidiv.o
        98          0          0          0          0         92   uldiv.o
        48          0          0          0          0         68   cdcmple.o
        48          0          0          0          0         68   cdrcmple.o
        56          0          0          0          0         88   d2f.o
       334          0          0          0          0        148   dadd.o
       222          0          0          0          0        100   ddiv.o
       186          0          0          0          0        176   depilogue.o
        62          0          0          0          0         80   dfixi.o
       228          0          0          0          0         96   dmul.o
        38          0          0          0          0         68   f2d.o
       110          0          0          0          0        168   fepilogue.o

    ----------------------------------------------------------------------
      2360         50          0         16          0       1956   Library Totals
         6          0          0          0          0          0   (incl. Padding)

    ----------------------------------------------------------------------

      Code (inc. data)   RO Data    RW Data    ZI Data      Debug   Library Name

      1022         50          0         16          0        896   mc_w.l
      1332          0          0          0          0       1060   mf_w.l

    ----------------------------------------------------------------------
      2360         50          0         16          0       1956   Library Totals

    ----------------------------------------------------------------------

==============================================================================


      Code (inc. data)   RO Data    RW Data    ZI Data      Debug   

     19064       1230        472        256       2456     849845   Grand Totals
     19064       1230        472        256       2456     849845   ELF Image Totals
     19064       1230        472        256          0          0   ROM Totals

==============================================================================

    Total RO  Size (Code + RO Data)                19536 (  19.08kB)
    Total RW  Size (RW Data + ZI Data)              2712 (   2.65kB)
    Total ROM Size (Code + RO Data + RW Data)      19792 (  19.33kB)

==============================================================================

